ERC report (2026-08-03T21:22:27, Encoding UTF8)
Report includes: Errors, Warnings

***** Sheet /
[endpoint_off_grid]: Symbol pin or wire end off connection grid
    ; warning
    @(47.14 mm, 167.14 mm): Symbol U8 Pin CN7_1 [PC10, Bidirectional, Line]
[endpoint_off_grid]: Symbol pin or wire end off connection grid
    ; warning
    @(47.14 mm, 187.46 mm): Horizontal Wire, length 204.86 mm
[endpoint_off_grid]: Symbol pin or wire end off connection grid
    ; warning
    @(47.14 mm, 190.00 mm): Horizontal Wire, length 100.86 mm
[endpoint_off_grid]: Symbol pin or wire end off connection grid
    ; warning
    @(47.14 mm, 202.70 mm): Horizontal Wire, length 152.86 mm
[endpoint_off_grid]: Symbol pin or wire end off connection grid
    ; warning
    @(47.14 mm, 205.24 mm): Horizontal Wire, length 264.86 mm
[endpoint_off_grid]: Symbol pin or wire end off connection grid
    ; warning
    @(47.14 mm, 277.14 mm): Symbol U8 Pin CN10_1 [PC9, Bidirectional, Line]
[endpoint_off_grid]: Symbol pin or wire end off connection grid
    ; warning
    @(47.14 mm, 279.68 mm): Horizontal Wire, length 210.86 mm
[endpoint_off_grid]: Symbol pin or wire end off connection grid
    ; warning
    @(47.14 mm, 282.22 mm): Horizontal Wire, length 216.86 mm
[endpoint_off_grid]: Symbol pin or wire end off connection grid
    ; warning
    @(47.14 mm, 289.84 mm): Horizontal Wire, length 246.86 mm
[endpoint_off_grid]: Symbol pin or wire end off connection grid
    ; warning
    @(47.14 mm, 292.38 mm): Horizontal Wire, length 252.86 mm
[endpoint_off_grid]: Symbol pin or wire end off connection grid
    ; warning
    @(47.14 mm, 294.92 mm): Horizontal Wire, length 140.86 mm
[endpoint_off_grid]: Symbol pin or wire end off connection grid
    ; warning
    @(47.14 mm, 302.54 mm): Horizontal Wire, length 128.86 mm
[endpoint_off_grid]: Symbol pin or wire end off connection grid
    ; warning
    @(47.14 mm, 305.08 mm): Horizontal Wire, length 122.86 mm
[endpoint_off_grid]: Symbol pin or wire end off connection grid
    ; warning
    @(47.14 mm, 310.16 mm): Horizontal Wire, length 228.86 mm
[endpoint_off_grid]: Symbol pin or wire end off connection grid
    ; warning
    @(47.14 mm, 312.70 mm): Horizontal Wire, length 234.86 mm
[endpoint_off_grid]: Symbol pin or wire end off connection grid
    ; warning
    @(47.14 mm, 315.24 mm): Horizontal Wire, length 222.86 mm
[endpoint_off_grid]: Symbol pin or wire end off connection grid
    ; warning
    @(47.14 mm, 317.78 mm): Horizontal Wire, length 134.86 mm
[endpoint_off_grid]: Symbol pin or wire end off connection grid
    ; warning
    @(47.14 mm, 320.32 mm): Horizontal Wire, length 82.86 mm
[endpoint_off_grid]: Symbol pin or wire end off connection grid
    ; warning
    @(47.14 mm, 322.86 mm): Horizontal Wire, length 170.86 mm
[endpoint_off_grid]: Symbol pin or wire end off connection grid
    ; warning
    @(92.86 mm, 184.92 mm): Horizontal Wire, length 49.14 mm
[endpoint_off_grid]: Symbol pin or wire end off connection grid
    ; warning
    @(92.86 mm, 200.16 mm): Horizontal Wire, length 113.14 mm
[endpoint_off_grid]: Symbol pin or wire end off connection grid
    ; warning
    @(92.86 mm, 202.70 mm): Horizontal Wire, length 119.14 mm
[endpoint_off_grid]: Symbol pin or wire end off connection grid
    ; warning
    @(92.86 mm, 205.24 mm): Horizontal Wire, length 195.14 mm
[endpoint_off_grid]: Symbol pin or wire end off connection grid
    ; warning
    @(92.86 mm, 207.78 mm): Horizontal Wire, length 101.14 mm
[endpoint_off_grid]: Symbol pin or wire end off connection grid
    ; warning
    @(92.86 mm, 294.92 mm): Horizontal Wire, length 43.14 mm
[endpoint_off_grid]: Symbol pin or wire end off connection grid
    ; warning
    @(92.86 mm, 297.46 mm): Horizontal Wire, length 137.14 mm
[endpoint_off_grid]: Symbol pin or wire end off connection grid
    ; warning
    @(92.86 mm, 305.08 mm): Horizontal Wire, length 131.14 mm
[endpoint_off_grid]: Symbol pin or wire end off connection grid
    ; warning
    @(92.86 mm, 310.16 mm): Horizontal Wire, length 213.14 mm
[endpoint_off_grid]: Symbol pin or wire end off connection grid
    ; warning
    @(130.00 mm, 55.00 mm): Horizontal Wire, length 224.00 mm
[endpoint_off_grid]: Symbol pin or wire end off connection grid
    ; warning
    @(130.00 mm, 320.32 mm): Vertical Wire, length 265.32 mm
[endpoint_off_grid]: Symbol pin or wire end off connection grid
    ; warning
    @(136.00 mm, 70.00 mm): Horizontal Wire, length 218.00 mm
[endpoint_off_grid]: Symbol pin or wire end off connection grid
    ; warning
    @(136.00 mm, 294.92 mm): Vertical Wire, length 224.92 mm
[endpoint_off_grid]: Symbol pin or wire end off connection grid
    ; warning
    @(142.00 mm, 85.00 mm): Horizontal Wire, length 212.00 mm
[endpoint_off_grid]: Symbol pin or wire end off connection grid
    ; warning
    @(142.00 mm, 184.92 mm): Vertical Wire, length 99.92 mm
[endpoint_off_grid]: Symbol pin or wire end off connection grid
    ; warning
    @(148.00 mm, 100.00 mm): Horizontal Wire, length 206.00 mm
[endpoint_off_grid]: Symbol pin or wire end off connection grid
    ; warning
    @(148.00 mm, 190.00 mm): Vertical Wire, length 90.00 mm
[endpoint_off_grid]: Symbol pin or wire end off connection grid
    ; warning
    @(170.00 mm, 260.00 mm): Horizontal Wire, length 184.00 mm
[endpoint_off_grid]: Symbol pin or wire end off connection grid
    ; warning
    @(170.00 mm, 305.08 mm): Vertical Wire, length 45.08 mm
[endpoint_off_grid]: Symbol pin or wire end off connection grid
    ; warning
    @(176.00 mm, 275.00 mm): Horizontal Wire, length 178.00 mm
[endpoint_off_grid]: Symbol pin or wire end off connection grid
    ; warning
    @(176.00 mm, 302.54 mm): Vertical Wire, length 27.54 mm
[endpoint_off_grid]: Symbol pin or wire end off connection grid
    ; warning
    @(182.00 mm, 290.00 mm): Horizontal Wire, length 172.00 mm
[endpoint_off_grid]: Symbol pin or wire end off connection grid
    ; warning
    @(182.00 mm, 317.78 mm): Vertical Wire, length 27.78 mm
[endpoint_off_grid]: Symbol pin or wire end off connection grid
    ; warning
    @(188.00 mm, 294.92 mm): Vertical Wire, length 10.08 mm
[endpoint_off_grid]: Symbol pin or wire end off connection grid
    ; warning
    @(188.00 mm, 305.00 mm): Horizontal Wire, length 166.00 mm
[endpoint_off_grid]: Symbol pin or wire end off connection grid
    ; warning
    @(194.00 mm, 207.78 mm): Vertical Wire, length 112.22 mm
[endpoint_off_grid]: Symbol pin or wire end off connection grid
    ; warning
    @(194.00 mm, 320.00 mm): Horizontal Wire, length 160.00 mm
[endpoint_off_grid]: Symbol pin or wire end off connection grid
    ; warning
    @(200.00 mm, 202.70 mm): Vertical Wire, length 132.30 mm
[endpoint_off_grid]: Symbol pin or wire end off connection grid
    ; warning
    @(200.00 mm, 335.00 mm): Horizontal Wire, length 154.00 mm
[endpoint_off_grid]: Symbol pin or wire end off connection grid
    ; warning
    @(206.00 mm, 200.16 mm): Vertical Wire, length 149.84 mm
[endpoint_off_grid]: Symbol pin or wire end off connection grid
    ; warning
    @(206.00 mm, 350.00 mm): Horizontal Wire, length 148.00 mm
[endpoint_off_grid]: Symbol pin or wire end off connection grid
    ; warning
    @(212.00 mm, 202.70 mm): Vertical Wire, length 162.30 mm
[endpoint_off_grid]: Symbol pin or wire end off connection grid
    ; warning
    @(212.00 mm, 365.00 mm): Horizontal Wire, length 142.00 mm
[endpoint_off_grid]: Symbol pin or wire end off connection grid
    ; warning
    @(218.00 mm, 322.86 mm): Vertical Wire, length 57.14 mm
[endpoint_off_grid]: Symbol pin or wire end off connection grid
    ; warning
    @(218.00 mm, 380.00 mm): Horizontal Wire, length 136.00 mm
[endpoint_off_grid]: Symbol pin or wire end off connection grid
    ; warning
    @(224.00 mm, 305.08 mm): Vertical Wire, length 89.92 mm
[endpoint_off_grid]: Symbol pin or wire end off connection grid
    ; warning
    @(224.00 mm, 395.00 mm): Horizontal Wire, length 130.00 mm
[endpoint_off_grid]: Symbol pin or wire end off connection grid
    ; warning
    @(230.00 mm, 297.46 mm): Vertical Wire, length 112.54 mm
[endpoint_off_grid]: Symbol pin or wire end off connection grid
    ; warning
    @(230.00 mm, 410.00 mm): Horizontal Wire, length 124.00 mm
[endpoint_off_grid]: Symbol pin or wire end off connection grid
    ; warning
    @(252.00 mm, 187.46 mm): Vertical Wire, length 352.54 mm
[endpoint_off_grid]: Symbol pin or wire end off connection grid
    ; warning
    @(252.00 mm, 540.00 mm): Horizontal Wire, length 102.00 mm
[endpoint_off_grid]: Symbol pin or wire end off connection grid
    ; warning
    @(258.00 mm, 279.68 mm): Vertical Wire, length 275.32 mm
[endpoint_off_grid]: Symbol pin or wire end off connection grid
    ; warning
    @(258.00 mm, 555.00 mm): Horizontal Wire, length 96.00 mm
[endpoint_off_grid]: Symbol pin or wire end off connection grid
    ; warning
    @(264.00 mm, 282.22 mm): Vertical Wire, length 287.78 mm
[endpoint_off_grid]: Symbol pin or wire end off connection grid
    ; warning
    @(264.00 mm, 570.00 mm): Horizontal Wire, length 90.00 mm
[endpoint_off_grid]: Symbol pin or wire end off connection grid
    ; warning
    @(270.00 mm, 315.24 mm): Vertical Wire, length 269.76 mm
[endpoint_off_grid]: Symbol pin or wire end off connection grid
    ; warning
    @(270.00 mm, 585.00 mm): Horizontal Wire, length 84.00 mm
[endpoint_off_grid]: Symbol pin or wire end off connection grid
    ; warning
    @(276.00 mm, 310.16 mm): Vertical Wire, length 289.84 mm
[endpoint_off_grid]: Symbol pin or wire end off connection grid
    ; warning
    @(276.00 mm, 600.00 mm): Horizontal Wire, length 78.00 mm
[endpoint_off_grid]: Symbol pin or wire end off connection grid
    ; warning
    @(282.00 mm, 312.70 mm): Vertical Wire, length 302.30 mm
[endpoint_off_grid]: Symbol pin or wire end off connection grid
    ; warning
    @(282.00 mm, 615.00 mm): Horizontal Wire, length 72.00 mm
[endpoint_off_grid]: Symbol pin or wire end off connection grid
    ; warning
    @(288.00 mm, 205.24 mm): Vertical Wire, length 424.76 mm
[endpoint_off_grid]: Symbol pin or wire end off connection grid
    ; warning
    @(288.00 mm, 630.00 mm): Horizontal Wire, length 66.00 mm
[endpoint_off_grid]: Symbol pin or wire end off connection grid
    ; warning
    @(294.00 mm, 289.84 mm): Vertical Wire, length 355.16 mm
[endpoint_off_grid]: Symbol pin or wire end off connection grid
    ; warning
    @(294.00 mm, 645.00 mm): Horizontal Wire, length 60.00 mm
[endpoint_off_grid]: Symbol pin or wire end off connection grid
    ; warning
    @(300.00 mm, 292.38 mm): Vertical Wire, length 367.62 mm
[endpoint_off_grid]: Symbol pin or wire end off connection grid
    ; warning
    @(300.00 mm, 660.00 mm): Horizontal Wire, length 54.00 mm
[endpoint_off_grid]: Symbol pin or wire end off connection grid
    ; warning
    @(306.00 mm, 310.16 mm): Vertical Wire, length 364.84 mm
[endpoint_off_grid]: Symbol pin or wire end off connection grid
    ; warning
    @(306.00 mm, 675.00 mm): Horizontal Wire, length 48.00 mm
[endpoint_off_grid]: Symbol pin or wire end off connection grid
    ; warning
    @(312.00 mm, 205.24 mm): Vertical Wire, length 484.76 mm
[endpoint_off_grid]: Symbol pin or wire end off connection grid
    ; warning
    @(312.00 mm, 690.00 mm): Horizontal Wire, length 42.00 mm
[endpoint_off_grid]: Symbol pin or wire end off connection grid
    ; warning
    @(354.00 mm, 85.00 mm): Horizontal Wire, length 180.00 mm
[endpoint_off_grid]: Symbol pin or wire end off connection grid
    ; warning
    @(354.00 mm, 100.00 mm): Horizontal Wire, length 190.00 mm
[endpoint_off_grid]: Symbol pin or wire end off connection grid
    ; warning
    @(354.00 mm, 115.00 mm): Horizontal Wire, length 170.00 mm
[endpoint_off_grid]: Symbol pin or wire end off connection grid
    ; warning
    @(354.00 mm, 130.00 mm): Horizontal Wire, length 200.00 mm
[endpoint_off_grid]: Symbol pin or wire end off connection grid
    ; warning
    @(354.00 mm, 185.00 mm): Horizontal Wire, length 170.00 mm
[endpoint_off_grid]: Symbol pin or wire end off connection grid
    ; warning
    @(354.00 mm, 200.00 mm): Horizontal Wire, length 180.00 mm
[endpoint_off_grid]: Symbol pin or wire end off connection grid
    ; warning
    @(354.00 mm, 215.00 mm): Horizontal Wire, length 190.00 mm
[endpoint_off_grid]: Symbol pin or wire end off connection grid
    ; warning
    @(354.00 mm, 230.00 mm): Horizontal Wire, length 200.00 mm
[endpoint_off_grid]: Symbol pin or wire end off connection grid
    ; warning
    @(524.00 mm, 115.00 mm): Vertical Wire, length 70.00 mm
[endpoint_off_grid]: Symbol pin or wire end off connection grid
    ; warning
    @(524.00 mm, 185.00 mm): Vertical Wire, length 280.00 mm
[endpoint_off_grid]: Symbol pin or wire end off connection grid
    ; warning
    @(524.00 mm, 185.00 mm): Horizontal Wire, length 170.00 mm
[endpoint_off_grid]: Symbol pin or wire end off connection grid
    ; warning
    @(524.00 mm, 465.00 mm): Horizontal Wire, length 170.00 mm
[endpoint_off_grid]: Symbol pin or wire end off connection grid
    ; warning
    @(534.00 mm, 85.00 mm): Vertical Wire, length 115.00 mm
[endpoint_off_grid]: Symbol pin or wire end off connection grid
    ; warning
    @(534.00 mm, 200.00 mm): Horizontal Wire, length 180.00 mm
[endpoint_off_grid]: Symbol pin or wire end off connection grid
    ; warning
    @(534.00 mm, 200.00 mm): Vertical Wire, length 280.00 mm
[endpoint_off_grid]: Symbol pin or wire end off connection grid
    ; warning
    @(534.00 mm, 480.00 mm): Horizontal Wire, length 180.00 mm
[endpoint_off_grid]: Symbol pin or wire end off connection grid
    ; warning
    @(544.00 mm, 100.00 mm): Vertical Wire, length 115.00 mm
[endpoint_off_grid]: Symbol pin or wire end off connection grid
    ; warning
    @(544.00 mm, 215.00 mm): Horizontal Wire, length 190.00 mm
[endpoint_off_grid]: Symbol pin or wire end off connection grid
    ; warning
    @(544.00 mm, 215.00 mm): Vertical Wire, length 280.00 mm
[endpoint_off_grid]: Symbol pin or wire end off connection grid
    ; warning
    @(544.00 mm, 495.00 mm): Horizontal Wire, length 190.00 mm
[endpoint_off_grid]: Symbol pin or wire end off connection grid
    ; warning
    @(554.00 mm, 130.00 mm): Vertical Wire, length 100.00 mm
[endpoint_off_grid]: Symbol pin or wire end off connection grid
    ; warning
    @(554.00 mm, 230.00 mm): Vertical Wire, length 280.00 mm
[endpoint_off_grid]: Symbol pin or wire end off connection grid
    ; warning
    @(554.00 mm, 230.00 mm): Horizontal Wire, length 200.00 mm
[endpoint_off_grid]: Symbol pin or wire end off connection grid
    ; warning
    @(554.00 mm, 510.00 mm): Horizontal Wire, length 200.00 mm
[endpoint_off_grid]: Symbol pin or wire end off connection grid
    ; warning
    @(28.92 mm, 120.00 mm): Horizontal Wire, length 30.77 mm
[endpoint_off_grid]: Symbol pin or wire end off connection grid
    ; warning
    @(28.92 mm, 160.00 mm): Horizontal Wire, length 11.08 mm
[endpoint_off_grid]: Symbol pin or wire end off connection grid
    ; warning
    @(34.92 mm, 120.00 mm): Symbol J2 Pin 1 [Pin_1, Passive, Line]
[endpoint_off_grid]: Symbol pin or wire end off connection grid
    ; warning
    @(34.92 mm, 120.00 mm): Horizontal Wire, length 6.00 mm
[endpoint_off_grid]: Symbol pin or wire end off connection grid
    ; warning
    @(34.92 mm, 160.00 mm): Horizontal Wire, length 6.00 mm
[endpoint_off_grid]: Symbol pin or wire end off connection grid
    ; warning
    @(34.92 mm, 160.00 mm): Symbol J1 Pin 1 [Pin_1, Passive, Line]
[endpoint_off_grid]: Symbol pin or wire end off connection grid
    ; warning
    @(40.00 mm, 160.00 mm): Vertical Wire, length 15.00 mm
[endpoint_off_grid]: Symbol pin or wire end off connection grid
    ; warning
    @(40.00 mm, 175.00 mm): Horizontal Wire, length 17.15 mm
[endpoint_off_grid]: Symbol pin or wire end off connection grid
    ; warning
    @(40.00 mm, 175.00 mm): Symbol #FLG1 Pin 1 [Power output, Line]
[endpoint_off_grid]: Symbol pin or wire end off connection grid
    ; warning
    @(57.15 mm, 155.00 mm): Horizontal Wire, length 18.04 mm
[endpoint_off_grid]: Symbol pin or wire end off connection grid
    ; warning
    @(57.15 mm, 175.00 mm): Vertical Wire, length 20.00 mm
[endpoint_off_grid]: Symbol pin or wire end off connection grid
    ; warning
    @(59.69 mm, 109.55 mm): Horizontal Wire, length 30.53 mm
[endpoint_off_grid]: Symbol pin or wire end off connection grid
    ; warning
    @(59.69 mm, 120.00 mm): Vertical Wire, length 10.45 mm
[endpoint_off_grid]: Symbol pin or wire end off connection grid
    ; warning
    @(73.92 mm, 120.00 mm): Horizontal Wire, length 9.90 mm
[endpoint_off_grid]: Symbol pin or wire end off connection grid
    ; warning
    @(75.19 mm, 40.00 mm): Horizontal Wire, length 9.90 mm
[endpoint_off_grid]: Symbol pin or wire end off connection grid
    ; warning
    @(79.92 mm, 120.00 mm): Horizontal Wire, length 6.00 mm
[endpoint_off_grid]: Symbol pin or wire end off connection grid
    ; warning
    @(81.19 mm, 40.00 mm): Symbol R12 Pin 1 [Passive, Line]
[endpoint_off_grid]: Symbol pin or wire end off connection grid
    ; warning
    @(81.19 mm, 40.00 mm): Horizontal Wire, length 6.00 mm
[endpoint_off_grid]: Symbol pin or wire end off connection grid
    ; warning
    @(81.19 mm, 60.00 mm): Horizontal Wire, length 6.00 mm
[endpoint_off_grid]: Symbol pin or wire end off connection grid
    ; warning
    @(81.19 mm, 60.00 mm): Symbol R11 Pin 1 [Passive, Line]
[endpoint_off_grid]: Symbol pin or wire end off connection grid
    ; warning
    @(81.19 mm, 90.00 mm): Horizontal Wire, length 6.00 mm
[endpoint_off_grid]: Symbol pin or wire end off connection grid
    ; warning
    @(81.19 mm, 90.00 mm): Symbol R4 Pin 1 [Passive, Line]
[endpoint_off_grid]: Symbol pin or wire end off connection grid
    ; warning
    @(81.19 mm, 155.00 mm): Symbol R1 Pin 1 [Passive, Line]
[endpoint_off_grid]: Symbol pin or wire end off connection grid
    ; warning
    @(81.19 mm, 155.00 mm): Horizontal Wire, length 6.00 mm
[endpoint_off_grid]: Symbol pin or wire end off connection grid
    ; warning
    @(83.82 mm, 120.00 mm): Vertical Wire, length 35.00 mm
[endpoint_off_grid]: Symbol pin or wire end off connection grid
    ; warning
    @(83.82 mm, 155.00 mm): Horizontal Wire, length 10.99 mm
[endpoint_off_grid]: Symbol pin or wire end off connection grid
    ; warning
    @(85.09 mm, 40.00 mm): Vertical Wire, length 20.00 mm
[endpoint_off_grid]: Symbol pin or wire end off connection grid
    ; warning
    @(85.09 mm, 60.00 mm): Horizontal Wire, length 9.72 mm
[endpoint_off_grid]: Symbol pin or wire end off connection grid
    ; warning
    @(87.54 mm, 114.92 mm): Wire, length 6.002 mm
[endpoint_off_grid]: Symbol pin or wire end off connection grid
    ; warning
    @(87.54 mm, 125.08 mm): Wire, length 6.002 mm
[endpoint_off_grid]: Symbol pin or wire end off connection grid
    ; warning
    @(87.54 mm, 125.08 mm): Wire, length 6.002 mm
[endpoint_off_grid]: Symbol pin or wire end off connection grid
    ; warning
    @(87.54 mm, 125.08 mm): Wire, length 6.002 mm
[endpoint_off_grid]: Symbol pin or wire end off connection grid
    ; warning
    @(87.54 mm, 125.08 mm): Symbol Q1 Pin 1 [S, Passive, Line]
[endpoint_off_grid]: Symbol pin or wire end off connection grid
    ; warning
    @(88.81 mm, 40.00 mm): Horizontal Wire, length 6.00 mm
[endpoint_off_grid]: Symbol pin or wire end off connection grid
    ; warning
    @(88.81 mm, 60.00 mm): Horizontal Wire, length 6.00 mm
[endpoint_off_grid]: Symbol pin or wire end off connection grid
    ; warning
    @(88.81 mm, 90.00 mm): Horizontal Wire, length 6.00 mm
[endpoint_off_grid]: Symbol pin or wire end off connection grid
    ; warning
    @(88.81 mm, 155.00 mm): Horizontal Wire, length 6.00 mm
[endpoint_off_grid]: Symbol pin or wire end off connection grid
    ; warning
    @(94.81 mm, 60.00 mm): Horizontal Wire, length 5.19 mm
[endpoint_off_grid]: Symbol pin or wire end off connection grid
    ; warning
    @(94.81 mm, 155.00 mm): Horizontal Wire, length 5.52 mm
[endpoint_off_grid]: Symbol pin or wire end off connection grid
    ; warning
    @(100.33 mm, 135.00 mm): Horizontal Wire, length 6.13 mm
[endpoint_off_grid]: Symbol pin or wire end off connection grid
    ; warning
    @(100.33 mm, 155.00 mm): Vertical Wire, length 20.00 mm
[endpoint_off_grid]: Symbol pin or wire end off connection grid
    ; warning
    @(112.46 mm, 135.00 mm): Horizontal Wire, length 6.00 mm
[endpoint_off_grid]: Symbol pin or wire end off connection grid
    ; warning
    @(112.46 mm, 135.00 mm): Symbol D1 Pin 1 [K, Passive, Line]
[endpoint_off_grid]: Symbol pin or wire end off connection grid
    ; warning
    @(117.54 mm, 135.00 mm): Horizontal Wire, length 6.00 mm
[endpoint_off_grid]: Symbol pin or wire end off connection grid
    ; warning
    @(126.19 mm, 165.00 mm): Symbol L1 Pin 1 [1, Passive, Line]
[endpoint_off_grid]: Symbol pin or wire end off connection grid
    ; warning
    @(126.19 mm, 165.00 mm): Horizontal Wire, length 6.00 mm
[endpoint_off_grid]: Symbol pin or wire end off connection grid
    ; warning
    @(133.81 mm, 165.00 mm): Horizontal Wire, length 6.00 mm
[endpoint_off_grid]: Symbol pin or wire end off connection grid
    ; warning
    @(139.81 mm, 165.00 mm): Horizontal Wire, length 17.67 mm
[endpoint_off_grid]: Symbol pin or wire end off connection grid
    ; warning
    @(149.84 mm, 147.46 mm): Wire, length 6.00 mm
[endpoint_off_grid]: Symbol pin or wire end off connection grid
    ; warning
    @(149.84 mm, 152.54 mm): Wire, length 6.00 mm
[endpoint_off_grid]: Symbol pin or wire end off connection grid
    ; warning
    @(156.19 mm, 115.00 mm): Symbol C1 Pin 1 [Passive, Line]
[endpoint_off_grid]: Symbol pin or wire end off connection grid
    ; warning
    @(156.19 mm, 115.00 mm): Horizontal Wire, length 6.00 mm
[endpoint_off_grid]: Symbol pin or wire end off connection grid
    ; warning
    @(157.48 mm, 146.00 mm): Horizontal Wire, length 18.50 mm
[endpoint_off_grid]: Symbol pin or wire end off connection grid
    ; warning
    @(157.48 mm, 165.00 mm): Vertical Wire, length 19.00 mm
[endpoint_off_grid]: Symbol pin or wire end off connection grid
    ; warning
    @(160.00 mm, 95.00 mm): Vertical Wire, length 5.00 mm
[endpoint_off_grid]: Symbol pin or wire end off connection grid
    ; warning
    @(160.00 mm, 100.00 mm): Horizontal Wire, length 7.64 mm
[endpoint_off_grid]: Symbol pin or wire end off connection grid
    ; warning
    @(160.00 mm, 100.00 mm): Symbol #FLG3 Pin 1 [Power output, Line]
[endpoint_off_grid]: Symbol pin or wire end off connection grid
    ; warning
    @(160.00 mm, 157.62 mm): Vertical Wire, length 6.00 mm
[endpoint_off_grid]: Symbol pin or wire end off connection grid
    ; warning
    @(160.00 mm, 175.00 mm): Symbol #PWR1 Pin 1 [Power input, Line]
[endpoint_off_grid]: Symbol pin or wire end off connection grid
    ; warning
    @(160.00 mm, 190.00 mm): Symbol #FLG2 Pin 1 [Power output, Line]
[endpoint_off_grid]: Symbol pin or wire end off connection grid
    ; warning
    @(163.81 mm, 115.00 mm): Horizontal Wire, length 6.00 mm
[endpoint_off_grid]: Symbol pin or wire end off connection grid
    ; warning
    @(167.64 mm, 100.00 mm): Vertical Wire, length 65.00 mm
[endpoint_off_grid]: Symbol pin or wire end off connection grid
    ; warning
    @(167.64 mm, 165.00 mm): Horizontal Wire, length 7.55 mm
[endpoint_off_grid]: Symbol pin or wire end off connection grid
    ; warning
    @(170.16 mm, 147.46 mm): Wire, length 6.00 mm
[endpoint_off_grid]: Symbol pin or wire end off connection grid
    ; warning
    @(170.16 mm, 147.46 mm): Symbol U1 Pin 1 [SW, Passive, Line]
[endpoint_off_grid]: Symbol pin or wire end off connection grid
    ; warning
    @(170.16 mm, 152.54 mm): Wire, length 6.00 mm
[endpoint_off_grid]: Symbol pin or wire end off connection grid
    ; warning
    @(175.19 mm, 165.00 mm): Horizontal Wire, length 12.77 mm
[endpoint_off_grid]: Symbol pin or wire end off connection grid
    ; warning
    @(175.98 mm, 146.00 mm): Horizontal Wire, length 9.44 mm
[endpoint_off_grid]: Symbol pin or wire end off connection grid
    ; warning
    @(175.98 mm, 154.00 mm): Horizontal Wire, length 22.14 mm
[endpoint_off_grid]: Symbol pin or wire end off connection grid
    ; warning
    @(181.19 mm, 165.00 mm): Horizontal Wire, length 6.00 mm
[endpoint_off_grid]: Symbol pin or wire end off connection grid
    ; warning
    @(181.19 mm, 165.00 mm): Symbol D2 Pin 1 [K, Passive, Line]
[endpoint_off_grid]: Symbol pin or wire end off connection grid
    ; warning
    @(185.42 mm, 146.00 mm): Vertical Wire, length 19.00 mm
[endpoint_off_grid]: Symbol pin or wire end off connection grid
    ; warning
    @(185.42 mm, 165.00 mm): Horizontal Wire, length 9.39 mm
[endpoint_off_grid]: Symbol pin or wire end off connection grid
    ; warning
    @(187.96 mm, 150.00 mm): Horizontal Wire, length 12.23 mm
[endpoint_off_grid]: Symbol pin or wire end off connection grid
    ; warning
    @(187.96 mm, 165.00 mm): Vertical Wire, length 15.00 mm
[endpoint_off_grid]: Symbol pin or wire end off connection grid
    ; warning
    @(188.81 mm, 165.00 mm): Horizontal Wire, length 6.00 mm
[endpoint_off_grid]: Symbol pin or wire end off connection grid
    ; warning
    @(198.12 mm, 130.00 mm): Horizontal Wire, length 22.07 mm
[endpoint_off_grid]: Symbol pin or wire end off connection grid
    ; warning
    @(198.12 mm, 154.00 mm): Vertical Wire, length 24.00 mm
[endpoint_off_grid]: Symbol pin or wire end off connection grid
    ; warning
    @(200.19 mm, 150.00 mm): Horizontal Wire, length 10.63 mm
[endpoint_off_grid]: Symbol pin or wire end off connection grid
    ; warning
    @(206.19 mm, 150.00 mm): Horizontal Wire, length 6.00 mm
[endpoint_off_grid]: Symbol pin or wire end off connection grid
    ; warning
    @(206.19 mm, 150.00 mm): Symbol C2 Pin 1 [Passive, Line]
[endpoint_off_grid]: Symbol pin or wire end off connection grid
    ; warning
    @(210.82 mm, 150.00 mm): Vertical Wire, length 15.00 mm
[endpoint_off_grid]: Symbol pin or wire end off connection grid
    ; warning
    @(210.82 mm, 165.00 mm): Horizontal Wire, length 9.37 mm
[endpoint_off_grid]: Symbol pin or wire end off connection grid
    ; warning
    @(213.81 mm, 150.00 mm): Horizontal Wire, length 6.00 mm
[endpoint_off_grid]: Symbol pin or wire end off connection grid
    ; warning
    @(220.19 mm, 130.00 mm): Horizontal Wire, length 9.68 mm
[endpoint_off_grid]: Symbol pin or wire end off connection grid
    ; warning
    @(220.19 mm, 165.00 mm): Horizontal Wire, length 4.60 mm
[endpoint_off_grid]: Symbol pin or wire end off connection grid
    ; warning
    @(224.79 mm, 115.00 mm): Horizontal Wire, length 5.40 mm
[endpoint_off_grid]: Symbol pin or wire end off connection grid
    ; warning
    @(224.79 mm, 165.00 mm): Vertical Wire, length 50.00 mm
[endpoint_off_grid]: Symbol pin or wire end off connection grid
    ; warning
    @(226.19 mm, 130.00 mm): Symbol R3 Pin 1 [Passive, Line]
[endpoint_off_grid]: Symbol pin or wire end off connection grid
    ; warning
    @(226.19 mm, 130.00 mm): Horizontal Wire, length 6.00 mm
[endpoint_off_grid]: Symbol pin or wire end off connection grid
    ; warning
    @(226.19 mm, 165.00 mm): Symbol R2 Pin 1 [Passive, Line]
[endpoint_off_grid]: Symbol pin or wire end off connection grid
    ; warning
    @(226.19 mm, 165.00 mm): Horizontal Wire, length 6.00 mm
[endpoint_off_grid]: Symbol pin or wire end off connection grid
    ; warning
    @(229.87 mm, 130.00 mm): Vertical Wire, length 35.00 mm
[endpoint_off_grid]: Symbol pin or wire end off connection grid
    ; warning
    @(229.87 mm, 165.00 mm): Horizontal Wire, length 9.94 mm
[endpoint_off_grid]: Symbol pin or wire end off connection grid
    ; warning
    @(230.19 mm, 115.00 mm): Horizontal Wire, length 8.57 mm
[endpoint_off_grid]: Symbol pin or wire end off connection grid
    ; warning
    @(233.81 mm, 130.00 mm): Horizontal Wire, length 6.00 mm
[endpoint_off_grid]: Symbol pin or wire end off connection grid
    ; warning
    @(233.81 mm, 165.00 mm): Horizontal Wire, length 6.00 mm
[endpoint_off_grid]: Symbol pin or wire end off connection grid
    ; warning
    @(236.19 mm, 115.00 mm): Horizontal Wire, length 6.00 mm
[endpoint_off_grid]: Symbol pin or wire end off connection grid
    ; warning
    @(236.19 mm, 115.00 mm): Symbol C3 Pin 1 [Passive, Line]
[endpoint_off_grid]: Symbol pin or wire end off connection grid
    ; warning
    @(238.76 mm, 115.00 mm): Vertical Wire, length 35.00 mm
[endpoint_off_grid]: Symbol pin or wire end off connection grid
    ; warning
    @(238.76 mm, 150.00 mm): Horizontal Wire, length 7.62 mm
[endpoint_off_grid]: Symbol pin or wire end off connection grid
    ; warning
    @(243.81 mm, 115.00 mm): Horizontal Wire, length 6.00 mm
[endpoint_off_grid]: Symbol pin or wire end off connection grid
    ; warning
    @(246.38 mm, 145.56 mm): Horizontal Wire, length 0.31 mm
[endpoint_off_grid]: Symbol pin or wire end off connection grid
    ; warning
    @(246.38 mm, 150.00 mm): Vertical Wire, length 0.00 mm
[endpoint_off_grid]: Symbol pin or wire end off connection grid
    ; warning
    @(246.38 mm, 150.00 mm): Vertical Wire, length 4.44 mm
[endpoint_off_grid]: Symbol pin or wire end off connection grid
    ; warning
    @(252.38 mm, 147.46 mm): Wire, length 5.999 mm
[endpoint_off_grid]: Symbol pin or wire end off connection grid
    ; warning
    @(252.38 mm, 147.46 mm): Symbol U2 Pin 1 [VIN, Power input, Line]
[endpoint_off_grid]: Symbol pin or wire end off connection grid
    ; warning
    @(252.38 mm, 150.00 mm): Horizontal Wire, length 6.00 mm
[endpoint_off_grid]: Symbol pin or wire end off connection grid
    ; warning
    @(260.00 mm, 95.00 mm): Horizontal Wire, length 5.43 mm
[endpoint_off_grid]: Symbol pin or wire end off connection grid
    ; warning
    @(260.00 mm, 157.62 mm): Vertical Wire, length 6.00 mm
[endpoint_off_grid]: Symbol pin or wire end off connection grid
    ; warning
    @(265.43 mm, 95.00 mm): Vertical Wire, length 20.00 mm
[endpoint_off_grid]: Symbol pin or wire end off connection grid
    ; warning
    @(265.43 mm, 115.00 mm): Horizontal Wire, length 4.76 mm
[endpoint_off_grid]: Symbol pin or wire end off connection grid
    ; warning
    @(267.62 mm, 147.46 mm): Wire, length 5.999 mm
[endpoint_off_grid]: Symbol pin or wire end off connection grid
    ; warning
    @(270.19 mm, 115.00 mm): Horizontal Wire, length 1.59 mm
[endpoint_off_grid]: Symbol pin or wire end off connection grid
    ; warning
    @(271.78 mm, 115.00 mm): Vertical Wire, length 30.56 mm
[endpoint_off_grid]: Symbol pin or wire end off connection grid
    ; warning
    @(271.78 mm, 145.56 mm): Horizontal Wire, length 1.53 mm
[endpoint_off_grid]: Symbol pin or wire end off connection grid
    ; warning
    @(273.31 mm, 145.56 mm): Horizontal Wire, length 23.87 mm
[endpoint_off_grid]: Symbol pin or wire end off connection grid
    ; warning
    @(276.19 mm, 115.00 mm): Horizontal Wire, length 6.00 mm
[endpoint_off_grid]: Symbol pin or wire end off connection grid
    ; warning
    @(276.19 mm, 115.00 mm): Symbol C4 Pin 1 [Passive, Line]
[endpoint_off_grid]: Symbol pin or wire end off connection grid
    ; warning
    @(283.81 mm, 115.00 mm): Horizontal Wire, length 6.00 mm
[endpoint_off_grid]: Symbol pin or wire end off connection grid
    ; warning
    @(297.18 mm, 145.56 mm): Vertical Wire, length 19.44 mm
[endpoint_off_grid]: Symbol pin or wire end off connection grid
    ; warning
    @(297.18 mm, 165.00 mm): Horizontal Wire, length 23.01 mm
[endpoint_off_grid]: Symbol pin or wire end off connection grid
    ; warning
    @(320.19 mm, 130.00 mm): Horizontal Wire, length 10.01 mm
[endpoint_off_grid]: Symbol pin or wire end off connection grid
    ; warning
    @(320.19 mm, 165.00 mm): Horizontal Wire, length 20.17 mm
[endpoint_off_grid]: Symbol pin or wire end off connection grid
    ; warning
    @(326.19 mm, 130.00 mm): Horizontal Wire, length 6.00 mm
[endpoint_off_grid]: Symbol pin or wire end off connection grid
    ; warning
    @(326.19 mm, 130.00 mm): Symbol R6 Pin 1 [Passive, Line]
[endpoint_off_grid]: Symbol pin or wire end off connection grid
    ; warning
    @(326.19 mm, 165.00 mm): Horizontal Wire, length 6.00 mm
[endpoint_off_grid]: Symbol pin or wire end off connection grid
    ; warning
    @(326.19 mm, 165.00 mm): Symbol R5 Pin 1 [Passive, Line]
[endpoint_off_grid]: Symbol pin or wire end off connection grid
    ; warning
    @(330.20 mm, 130.00 mm): Vertical Wire, length 35.00 mm
[endpoint_off_grid]: Symbol pin or wire end off connection grid
    ; warning
    @(330.20 mm, 165.00 mm): Horizontal Wire, length 9.61 mm
[endpoint_off_grid]: Symbol pin or wire end off connection grid
    ; warning
    @(333.81 mm, 130.00 mm): Horizontal Wire, length 6.00 mm
[endpoint_off_grid]: Symbol pin or wire end off connection grid
    ; warning
    @(333.81 mm, 165.00 mm): Horizontal Wire, length 6.00 mm
[endpoint_off_grid]: Symbol pin or wire end off connection grid
    ; warning
    @(339.81 mm, 165.00 mm): Horizontal Wire, length 5.63 mm
[endpoint_off_grid]: Symbol pin or wire end off connection grid
    ; warning
    @(340.36 mm, 136.69 mm): Horizontal Wire, length 20.20 mm
[endpoint_off_grid]: Symbol pin or wire end off connection grid
    ; warning
    @(340.36 mm, 165.00 mm): Vertical Wire, length 28.31 mm
[endpoint_off_grid]: Symbol pin or wire end off connection grid
    ; warning
    @(345.44 mm, 145.56 mm): Horizontal Wire, length 6.25 mm
[endpoint_off_grid]: Symbol pin or wire end off connection grid
    ; warning
    @(345.44 mm, 165.00 mm): Vertical Wire, length 19.44 mm
[endpoint_off_grid]: Symbol pin or wire end off connection grid
    ; warning
    @(351.69 mm, 154.44 mm): Horizontal Wire, length 14.07 mm
[endpoint_off_grid]: Symbol pin or wire end off connection grid
    ; warning
    @(357.38 mm, 147.46 mm): Wire, length 5.999 mm
[endpoint_off_grid]: Symbol pin or wire end off connection grid
    ; warning
    @(357.38 mm, 152.54 mm): Wire, length 5.999 mm
[endpoint_off_grid]: Symbol pin or wire end off connection grid
    ; warning
    @(362.46 mm, 142.38 mm): Wire, length 5.999 mm
[endpoint_off_grid]: Symbol pin or wire end off connection grid
    ; warning
    @(362.46 mm, 157.62 mm): Wire, length 5.999 mm
[endpoint_off_grid]: Symbol pin or wire end off connection grid
    ; warning
    @(362.46 mm, 157.62 mm): Symbol U3 Pin 4 [V-, Power input, Line]
[endpoint_off_grid]: Symbol pin or wire end off connection grid
    ; warning
    @(365.76 mm, 150.00 mm): Horizontal Wire, length 12.86 mm
[endpoint_off_grid]: Symbol pin or wire end off connection grid
    ; warning
    @(365.76 mm, 154.44 mm): Vertical Wire, length 4.44 mm
[endpoint_off_grid]: Symbol pin or wire end off connection grid
    ; warning
    @(372.62 mm, 150.00 mm): Symbol U3 Pin 1 [Output, Line]
[endpoint_off_grid]: Symbol pin or wire end off connection grid
    ; warning
    @(372.62 mm, 150.00 mm): Horizontal Wire, length 6.00 mm
[endpoint_off_grid]: Symbol pin or wire end off connection grid
    ; warning
    @(378.62 mm, 150.00 mm): Horizontal Wire, length 37.94 mm
[endpoint_off_grid]: Symbol pin or wire end off connection grid
    ; warning
    @(396.19 mm, 130.00 mm): Symbol R8 Pin 1 [Passive, Line]
[endpoint_off_grid]: Symbol pin or wire end off connection grid
    ; warning
    @(396.19 mm, 130.00 mm): Horizontal Wire, length 6.00 mm
[endpoint_off_grid]: Symbol pin or wire end off connection grid
    ; warning
    @(396.19 mm, 165.00 mm): Horizontal Wire, length 6.00 mm
[endpoint_off_grid]: Symbol pin or wire end off connection grid
    ; warning
    @(396.19 mm, 165.00 mm): Symbol R7 Pin 1 [Passive, Line]
[endpoint_off_grid]: Symbol pin or wire end off connection grid
    ; warning
    @(403.81 mm, 130.00 mm): Horizontal Wire, length 6.00 mm
[endpoint_off_grid]: Symbol pin or wire end off connection grid
    ; warning
    @(403.81 mm, 165.00 mm): Horizontal Wire, length 6.00 mm
[endpoint_off_grid]: Symbol pin or wire end off connection grid
    ; warning
    @(406.69 mm, 145.56 mm): Horizontal Wire, length 0.98 mm
[endpoint_off_grid]: Symbol pin or wire end off connection grid
    ; warning
    @(406.69 mm, 154.44 mm): Horizontal Wire, length 0.98 mm
[endpoint_off_grid]: Symbol pin or wire end off connection grid
    ; warning
    @(407.67 mm, 130.00 mm): Horizontal Wire, length 2.14 mm
[endpoint_off_grid]: Symbol pin or wire end off connection grid
    ; warning
    @(407.67 mm, 145.56 mm): Vertical Wire, length 19.44 mm
[endpoint_off_grid]: Symbol pin or wire end off connection grid
    ; warning
    @(407.67 mm, 154.44 mm): Vertical Wire, length 24.44 mm
[endpoint_off_grid]: Symbol pin or wire end off connection grid
    ; warning
    @(407.67 mm, 165.00 mm): Horizontal Wire, length 2.14 mm
[endpoint_off_grid]: Symbol pin or wire end off connection grid
    ; warning
    @(409.81 mm, 130.00 mm): Horizontal Wire, length 25.38 mm
[endpoint_off_grid]: Symbol pin or wire end off connection grid
    ; warning
    @(409.81 mm, 165.00 mm): Horizontal Wire, length 25.38 mm
[endpoint_off_grid]: Symbol pin or wire end off connection grid
    ; warning
    @(412.38 mm, 147.46 mm): Wire, length 5.999 mm
[endpoint_off_grid]: Symbol pin or wire end off connection grid
    ; warning
    @(412.38 mm, 147.46 mm): Symbol U3 Pin 5 [+, Input, Line]
[endpoint_off_grid]: Symbol pin or wire end off connection grid
    ; warning
    @(412.38 mm, 152.54 mm): Wire, length 5.999 mm
[endpoint_off_grid]: Symbol pin or wire end off connection grid
    ; warning
    @(416.56 mm, 150.00 mm): Vertical Wire, length 15.00 mm
[endpoint_off_grid]: Symbol pin or wire end off connection grid
    ; warning
    @(416.56 mm, 165.00 mm): Horizontal Wire, length 38.25 mm
[endpoint_off_grid]: Symbol pin or wire end off connection grid
    ; warning
    @(427.62 mm, 150.00 mm): Horizontal Wire, length 6.00 mm
[endpoint_off_grid]: Symbol pin or wire end off connection grid
    ; warning
    @(433.62 mm, 150.00 mm): Horizontal Wire, length 10.88 mm
[endpoint_off_grid]: Symbol pin or wire end off connection grid
    ; warning
    @(441.19 mm, 130.00 mm): Horizontal Wire, length 6.00 mm
[endpoint_off_grid]: Symbol pin or wire end off connection grid
    ; warning
    @(441.19 mm, 130.00 mm): Symbol R10 Pin 1 [Passive, Line]
[endpoint_off_grid]: Symbol pin or wire end off connection grid
    ; warning
    @(441.19 mm, 165.00 mm): Horizontal Wire, length 6.00 mm
[endpoint_off_grid]: Symbol pin or wire end off connection grid
    ; warning
    @(441.19 mm, 165.00 mm): Symbol R9 Pin 1 [Passive, Line]
[endpoint_off_grid]: Symbol pin or wire end off connection grid
    ; warning
    @(444.50 mm, 130.00 mm): Horizontal Wire, length 10.31 mm
[endpoint_off_grid]: Symbol pin or wire end off connection grid
    ; warning
    @(444.50 mm, 150.00 mm): Vertical Wire, length 20.00 mm
[endpoint_off_grid]: Symbol pin or wire end off connection grid
    ; warning
    @(448.81 mm, 130.00 mm): Horizontal Wire, length 6.00 mm
[endpoint_off_grid]: Symbol pin or wire end off connection grid
    ; warning
    @(448.81 mm, 165.00 mm): Horizontal Wire, length 6.00 mm
[endpoint_off_grid]: Symbol pin or wire end off connection grid
    ; warning
    @(454.81 mm, 130.00 mm): Horizontal Wire, length 10.19 mm
[endpoint_off_grid]: Symbol pin or wire end off connection grid
    ; warning
    @(230.00 mm, 90.00 mm): Horizontal Wire, length 45.59 mm
[endpoint_off_grid]: Symbol pin or wire end off connection grid
    ; warning
    @(230.00 mm, 125.00 mm): Horizontal Wire, length 36.70 mm
[endpoint_off_grid]: Symbol pin or wire end off connection grid
    ; warning
    @(230.00 mm, 140.00 mm): Horizontal Wire, length 36.70 mm
[endpoint_off_grid]: Symbol pin or wire end off connection grid
    ; warning
    @(230.00 mm, 155.00 mm): Horizontal Wire, length 37.97 mm
[endpoint_off_grid]: Symbol pin or wire end off connection grid
    ; warning
    @(230.00 mm, 170.00 mm): Horizontal Wire, length 36.70 mm
[endpoint_off_grid]: Symbol pin or wire end off connection grid
    ; warning
    @(230.00 mm, 185.00 mm): Horizontal Wire, length 37.97 mm
[endpoint_off_grid]: Symbol pin or wire end off connection grid
    ; warning
    @(230.00 mm, 200.00 mm): Horizontal Wire, length 37.97 mm
[endpoint_off_grid]: Symbol pin or wire end off connection grid
    ; warning
    @(255.19 mm, 125.00 mm): Horizontal Wire, length 25.48 mm
[endpoint_off_grid]: Symbol pin or wire end off connection grid
    ; warning
    @(255.19 mm, 180.00 mm): Horizontal Wire, length 25.48 mm
[endpoint_off_grid]: Symbol pin or wire end off connection grid
    ; warning
    @(261.19 mm, 125.00 mm): Horizontal Wire, length 6.00 mm
[endpoint_off_grid]: Symbol pin or wire end off connection grid
    ; warning
    @(261.19 mm, 125.00 mm): Symbol R14 Pin 1 [Passive, Line]
[endpoint_off_grid]: Symbol pin or wire end off connection grid
    ; warning
    @(261.19 mm, 180.00 mm): Symbol R13 Pin 1 [Passive, Line]
[endpoint_off_grid]: Symbol pin or wire end off connection grid
    ; warning
    @(261.19 mm, 180.00 mm): Horizontal Wire, length 6.00 mm
[endpoint_off_grid]: Symbol pin or wire end off connection grid
    ; warning
    @(266.70 mm, 125.00 mm): Vertical Wire, length 42.76 mm
[endpoint_off_grid]: Symbol pin or wire end off connection grid
    ; warning
    @(266.70 mm, 140.00 mm): Vertical Wire, length 14.08 mm
[endpoint_off_grid]: Symbol pin or wire end off connection grid
    ; warning
    @(266.70 mm, 154.08 mm): Horizontal Wire, length 37.52 mm
[endpoint_off_grid]: Symbol pin or wire end off connection grid
    ; warning
    @(266.70 mm, 164.00 mm): Horizontal Wire, length 37.32 mm
[endpoint_off_grid]: Symbol pin or wire end off connection grid
    ; warning
    @(266.70 mm, 167.76 mm): Horizontal Wire, length 37.77 mm
[endpoint_off_grid]: Symbol pin or wire end off connection grid
    ; warning
    @(266.70 mm, 170.00 mm): Vertical Wire, length 6.00 mm
[endpoint_off_grid]: Symbol pin or wire end off connection grid
    ; warning
    @(267.97 mm, 139.77 mm): Horizontal Wire, length 38.54 mm
[endpoint_off_grid]: Symbol pin or wire end off connection grid
    ; warning
    @(267.97 mm, 142.61 mm): Horizontal Wire, length 38.12 mm
[endpoint_off_grid]: Symbol pin or wire end off connection grid
    ; warning
    @(267.97 mm, 150.47 mm): Horizontal Wire, length 36.78 mm
[endpoint_off_grid]: Symbol pin or wire end off connection grid
    ; warning
    @(267.97 mm, 155.00 mm): Vertical Wire, length 12.39 mm
[endpoint_off_grid]: Symbol pin or wire end off connection grid
    ; warning
    @(267.97 mm, 185.00 mm): Vertical Wire, length 34.53 mm
[endpoint_off_grid]: Symbol pin or wire end off connection grid
    ; warning
    @(267.97 mm, 200.00 mm): Vertical Wire, length 60.23 mm
[endpoint_off_grid]: Symbol pin or wire end off connection grid
    ; warning
    @(268.81 mm, 125.00 mm): Horizontal Wire, length 6.00 mm
[endpoint_off_grid]: Symbol pin or wire end off connection grid
    ; warning
    @(268.81 mm, 180.00 mm): Horizontal Wire, length 6.00 mm
[endpoint_off_grid]: Symbol pin or wire end off connection grid
    ; warning
    @(275.59 mm, 90.00 mm): Vertical Wire, length 41.14 mm
[endpoint_off_grid]: Symbol pin or wire end off connection grid
    ; warning
    @(275.59 mm, 131.14 mm): Horizontal Wire, length 44.41 mm
[endpoint_off_grid]: Symbol pin or wire end off connection grid
    ; warning
    @(280.67 mm, 125.00 mm): Vertical Wire, length 57.99 mm
[endpoint_off_grid]: Symbol pin or wire end off connection grid
    ; warning
    @(280.67 mm, 174.40 mm): Horizontal Wire, length 24.93 mm
[endpoint_off_grid]: Symbol pin or wire end off connection grid
    ; warning
    @(280.67 mm, 180.00 mm): Vertical Wire, length 5.60 mm
[endpoint_off_grid]: Symbol pin or wire end off connection grid
    ; warning
    @(280.67 mm, 182.99 mm): Horizontal Wire, length 26.19 mm
[endpoint_off_grid]: Symbol pin or wire end off connection grid
    ; warning
    @(309.84 mm, 144.76 mm): Wire, length 5.999 mm
[endpoint_off_grid]: Symbol pin or wire end off connection grid
    ; warning
    @(309.84 mm, 147.30 mm): Wire, length 6.005 mm
[endpoint_off_grid]: Symbol pin or wire end off connection grid
    ; warning
    @(309.84 mm, 147.30 mm): Symbol U4 Pin 1 [LIN1, Input, Line]
[endpoint_off_grid]: Symbol pin or wire end off connection grid
    ; warning
    @(309.84 mm, 153.65 mm): Wire, length 6.002 mm
[endpoint_off_grid]: Symbol pin or wire end off connection grid
    ; warning
    @(309.84 mm, 156.19 mm): Wire, length 6.003 mm
[endpoint_off_grid]: Symbol pin or wire end off connection grid
    ; warning
    @(309.84 mm, 162.54 mm): Wire, length 6.00 mm
[endpoint_off_grid]: Symbol pin or wire end off connection grid
    ; warning
    @(309.84 mm, 165.08 mm): Wire, length 6.002 mm
[endpoint_off_grid]: Symbol pin or wire end off connection grid
    ; warning
    @(309.84 mm, 170.16 mm): Wire, length 5.996 mm
[endpoint_off_grid]: Symbol pin or wire end off connection grid
    ; warning
    @(309.84 mm, 177.78 mm): Wire, length 6.002 mm
[endpoint_off_grid]: Symbol pin or wire end off connection grid
    ; warning
    @(314.92 mm, 185.40 mm): Wire, length 5.997 mm
[endpoint_off_grid]: Symbol pin or wire end off connection grid
    ; warning
    @(320.00 mm, 137.14 mm): Vertical Wire, length 6.00 mm
[endpoint_off_grid]: Symbol pin or wire end off connection grid
    ; warning
    @(320.00 mm, 185.40 mm): Vertical Wire, length 6.00 mm
[endpoint_off_grid]: Symbol pin or wire end off connection grid
    ; warning
    @(330.16 mm, 143.49 mm): Wire, length 5.998 mm
[endpoint_off_grid]: Symbol pin or wire end off connection grid
    ; warning
    @(330.16 mm, 146.03 mm): Wire, length 5.999 mm
[endpoint_off_grid]: Symbol pin or wire end off connection grid
    ; warning
    @(330.16 mm, 148.57 mm): Wire, length 5.999 mm
[endpoint_off_grid]: Symbol pin or wire end off connection grid
    ; warning
    @(330.16 mm, 151.11 mm): Wire, length 6.003 mm
[endpoint_off_grid]: Symbol pin or wire end off connection grid
    ; warning
    @(330.16 mm, 156.19 mm): Wire, length 6.003 mm
[endpoint_off_grid]: Symbol pin or wire end off connection grid
    ; warning
    @(330.16 mm, 158.73 mm): Wire, length 5.996 mm
[endpoint_off_grid]: Symbol pin or wire end off connection grid
    ; warning
    @(330.16 mm, 161.27 mm): Wire, length 5.996 mm
[endpoint_off_grid]: Symbol pin or wire end off connection grid
    ; warning
    @(330.16 mm, 163.81 mm): Wire, length 6.003 mm
[endpoint_off_grid]: Symbol pin or wire end off connection grid
    ; warning
    @(330.16 mm, 168.89 mm): Wire, length 6.003 mm
[endpoint_off_grid]: Symbol pin or wire end off connection grid
    ; warning
    @(330.16 mm, 171.43 mm): Wire, length 5.999 mm
[endpoint_off_grid]: Symbol pin or wire end off connection grid
    ; warning
    @(330.16 mm, 173.97 mm): Wire, length 5.999 mm
[endpoint_off_grid]: Symbol pin or wire end off connection grid
    ; warning
    @(330.16 mm, 176.51 mm): Wire, length 5.998 mm
[endpoint_off_grid]: Symbol pin or wire end off connection grid
    ; warning
    @(333.30 mm, 138.38 mm): Horizontal Wire, length 21.03 mm
[endpoint_off_grid]: Symbol pin or wire end off connection grid
    ; warning
    @(333.30 mm, 181.62 mm): Horizontal Wire, length 17.22 mm
[endpoint_off_grid]: Symbol pin or wire end off connection grid
    ; warning
    @(333.69 mm, 141.18 mm): Horizontal Wire, length 16.83 mm
[endpoint_off_grid]: Symbol pin or wire end off connection grid
    ; warning
    @(334.15 mm, 175.91 mm): Horizontal Wire, length 17.64 mm
[endpoint_off_grid]: Symbol pin or wire end off connection grid
    ; warning
    @(334.68 mm, 147.16 mm): Horizontal Wire, length 17.11 mm
[endpoint_off_grid]: Symbol pin or wire end off connection grid
    ; warning
    @(334.68 mm, 172.84 mm): Horizontal Wire, length 19.65 mm
[endpoint_off_grid]: Symbol pin or wire end off connection grid
    ; warning
    @(335.78 mm, 154.08 mm): Horizontal Wire, length 19.82 mm
[endpoint_off_grid]: Symbol pin or wire end off connection grid
    ; warning
    @(335.78 mm, 165.92 mm): Horizontal Wire, length 16.01 mm
[endpoint_off_grid]: Symbol pin or wire end off connection grid
    ; warning
    @(336.11 mm, 157.99 mm): Horizontal Wire, length 15.68 mm
[endpoint_off_grid]: Symbol pin or wire end off connection grid
    ; warning
    @(350.52 mm, 40.00 mm): Horizontal Wire, length 17.67 mm
[endpoint_off_grid]: Symbol pin or wire end off connection grid
    ; warning
    @(350.52 mm, 141.18 mm): Vertical Wire, length 113.82 mm
[endpoint_off_grid]: Symbol pin or wire end off connection grid
    ; warning
    @(350.52 mm, 181.62 mm): Vertical Wire, length 141.62 mm
[endpoint_off_grid]: Symbol pin or wire end off connection grid
    ; warning
    @(350.52 mm, 255.00 mm): Horizontal Wire, length 17.67 mm
[endpoint_off_grid]: Symbol pin or wire end off connection grid
    ; warning
    @(351.79 mm, 65.00 mm): Horizontal Wire, length 16.40 mm
[endpoint_off_grid]: Symbol pin or wire end off connection grid
    ; warning
    @(351.79 mm, 135.00 mm): Horizontal Wire, length 16.40 mm
[endpoint_off_grid]: Symbol pin or wire end off connection grid
    ; warning
    @(351.79 mm, 147.16 mm): Vertical Wire, length 82.84 mm
[endpoint_off_grid]: Symbol pin or wire end off connection grid
    ; warning
    @(351.79 mm, 157.99 mm): Vertical Wire, length 2.01 mm
[endpoint_off_grid]: Symbol pin or wire end off connection grid
    ; warning
    @(351.79 mm, 160.00 mm): Horizontal Wire, length 16.40 mm
[endpoint_off_grid]: Symbol pin or wire end off connection grid
    ; warning
    @(351.79 mm, 165.92 mm): Vertical Wire, length 30.92 mm
[endpoint_off_grid]: Symbol pin or wire end off connection grid
    ; warning
    @(351.79 mm, 175.91 mm): Vertical Wire, length 110.91 mm
[endpoint_off_grid]: Symbol pin or wire end off connection grid
    ; warning
    @(351.79 mm, 230.00 mm): Horizontal Wire, length 16.40 mm
[endpoint_off_grid]: Symbol pin or wire end off connection grid
    ; warning
    @(354.33 mm, 83.00 mm): Horizontal Wire, length 20.86 mm
[endpoint_off_grid]: Symbol pin or wire end off connection grid
    ; warning
    @(354.33 mm, 138.38 mm): Vertical Wire, length 134.62 mm
[endpoint_off_grid]: Symbol pin or wire end off connection grid
    ; warning
    @(354.33 mm, 172.84 mm): Vertical Wire, length 89.84 mm
[endpoint_off_grid]: Symbol pin or wire end off connection grid
    ; warning
    @(354.33 mm, 273.00 mm): Horizontal Wire, length 20.86 mm
[endpoint_off_grid]: Symbol pin or wire end off connection grid
    ; warning
    @(355.60 mm, 154.08 mm): Vertical Wire, length 23.92 mm
[endpoint_off_grid]: Symbol pin or wire end off connection grid
    ; warning
    @(355.60 mm, 178.00 mm): Horizontal Wire, length 19.59 mm
[endpoint_off_grid]: Symbol pin or wire end off connection grid
    ; warning
    @(374.19 mm, 40.00 mm): Horizontal Wire, length 6.00 mm
[endpoint_off_grid]: Symbol pin or wire end off connection grid
    ; warning
    @(374.19 mm, 40.00 mm): Symbol R26 Pin 1 [Passive, Line]
[endpoint_off_grid]: Symbol pin or wire end off connection grid
    ; warning
    @(374.19 mm, 65.00 mm): Horizontal Wire, length 6.00 mm
[endpoint_off_grid]: Symbol pin or wire end off connection grid
    ; warning
    @(374.19 mm, 65.00 mm): Symbol R25 Pin 1 [Passive, Line]
[endpoint_off_grid]: Symbol pin or wire end off connection grid
    ; warning
    @(374.19 mm, 135.00 mm): Symbol R21 Pin 1 [Passive, Line]
[endpoint_off_grid]: Symbol pin or wire end off connection grid
    ; warning
    @(374.19 mm, 135.00 mm): Horizontal Wire, length 6.00 mm
[endpoint_off_grid]: Symbol pin or wire end off connection grid
    ; warning
    @(374.19 mm, 160.00 mm): Symbol R20 Pin 1 [Passive, Line]
[endpoint_off_grid]: Symbol pin or wire end off connection grid
    ; warning
    @(374.19 mm, 160.00 mm): Horizontal Wire, length 6.00 mm
[endpoint_off_grid]: Symbol pin or wire end off connection grid
    ; warning
    @(374.19 mm, 230.00 mm): Horizontal Wire, length 6.00 mm
[endpoint_off_grid]: Symbol pin or wire end off connection grid
    ; warning
    @(374.19 mm, 230.00 mm): Symbol R16 Pin 1 [Passive, Line]
[endpoint_off_grid]: Symbol pin or wire end off connection grid
    ; warning
    @(374.19 mm, 255.00 mm): Horizontal Wire, length 6.00 mm
[endpoint_off_grid]: Symbol pin or wire end off connection grid
    ; warning
    @(374.19 mm, 255.00 mm): Symbol R15 Pin 1 [Passive, Line]
[endpoint_off_grid]: Symbol pin or wire end off connection grid
    ; warning
    @(381.19 mm, 83.00 mm): Symbol C7 Pin 1 [Passive, Line]
[endpoint_off_grid]: Symbol pin or wire end off connection grid
    ; warning
    @(381.19 mm, 83.00 mm): Horizontal Wire, length 6.00 mm
[endpoint_off_grid]: Symbol pin or wire end off connection grid
    ; warning
    @(381.19 mm, 178.00 mm): Horizontal Wire, length 6.00 mm
[endpoint_off_grid]: Symbol pin or wire end off connection grid
    ; warning
    @(381.19 mm, 178.00 mm): Symbol C6 Pin 1 [Passive, Line]
[endpoint_off_grid]: Symbol pin or wire end off connection grid
    ; warning
    @(381.19 mm, 273.00 mm): Horizontal Wire, length 6.00 mm
[endpoint_off_grid]: Symbol pin or wire end off connection grid
    ; warning
    @(381.19 mm, 273.00 mm): Symbol C5 Pin 1 [Passive, Line]
[endpoint_off_grid]: Symbol pin or wire end off connection grid
    ; warning
    @(381.81 mm, 40.00 mm): Horizontal Wire, length 6.00 mm
[endpoint_off_grid]: Symbol pin or wire end off connection grid
    ; warning
    @(381.81 mm, 65.00 mm): Horizontal Wire, length 6.00 mm
[endpoint_off_grid]: Symbol pin or wire end off connection grid
    ; warning
    @(381.81 mm, 135.00 mm): Horizontal Wire, length 6.00 mm
[endpoint_off_grid]: Symbol pin or wire end off connection grid
    ; warning
    @(381.81 mm, 160.00 mm): Horizontal Wire, length 6.00 mm
[endpoint_off_grid]: Symbol pin or wire end off connection grid
    ; warning
    @(381.81 mm, 230.00 mm): Horizontal Wire, length 6.00 mm
[endpoint_off_grid]: Symbol pin or wire end off connection grid
    ; warning
    @(381.81 mm, 255.00 mm): Horizontal Wire, length 6.00 mm
[endpoint_off_grid]: Symbol pin or wire end off connection grid
    ; warning
    @(387.81 mm, 40.00 mm): Horizontal Wire, length 26.11 mm
[endpoint_off_grid]: Symbol pin or wire end off connection grid
    ; warning
    @(387.81 mm, 65.00 mm): Horizontal Wire, length 26.11 mm
[endpoint_off_grid]: Symbol pin or wire end off connection grid
    ; warning
    @(387.81 mm, 135.00 mm): Horizontal Wire, length 26.11 mm
[endpoint_off_grid]: Symbol pin or wire end off connection grid
    ; warning
    @(387.81 mm, 160.00 mm): Horizontal Wire, length 26.11 mm
[endpoint_off_grid]: Symbol pin or wire end off connection grid
    ; warning
    @(387.81 mm, 230.00 mm): Horizontal Wire, length 26.11 mm
[endpoint_off_grid]: Symbol pin or wire end off connection grid
    ; warning
    @(387.81 mm, 255.00 mm): Horizontal Wire, length 26.11 mm
[endpoint_off_grid]: Symbol pin or wire end off connection grid
    ; warning
    @(388.81 mm, 83.00 mm): Horizontal Wire, length 6.00 mm
[endpoint_off_grid]: Symbol pin or wire end off connection grid
    ; warning
    @(388.81 mm, 178.00 mm): Horizontal Wire, length 6.00 mm
[endpoint_off_grid]: Symbol pin or wire end off connection grid
    ; warning
    @(388.81 mm, 273.00 mm): Horizontal Wire, length 6.00 mm
[endpoint_off_grid]: Symbol pin or wire end off connection grid
    ; warning
    @(406.19 mm, 70.00 mm): Horizontal Wire, length 6.00 mm
[endpoint_off_grid]: Symbol pin or wire end off connection grid
    ; warning
    @(406.19 mm, 70.00 mm): Symbol R31 Pin 1 [Passive, Line]
[endpoint_off_grid]: Symbol pin or wire end off connection grid
    ; warning
    @(413.81 mm, 70.00 mm): Horizontal Wire, length 6.00 mm
[endpoint_off_grid]: Symbol pin or wire end off connection grid
    ; warning
    @(419.92 mm, 40.00 mm): Horizontal Wire, length 6.00 mm
[endpoint_off_grid]: Symbol pin or wire end off connection grid
    ; warning
    @(419.92 mm, 65.00 mm): Horizontal Wire, length 6.00 mm
[endpoint_off_grid]: Symbol pin or wire end off connection grid
    ; warning
    @(419.92 mm, 135.00 mm): Horizontal Wire, length 6.00 mm
[endpoint_off_grid]: Symbol pin or wire end off connection grid
    ; warning
    @(419.92 mm, 160.00 mm): Horizontal Wire, length 6.00 mm
[endpoint_off_grid]: Symbol pin or wire end off connection grid
    ; warning
    @(419.92 mm, 230.00 mm): Horizontal Wire, length 6.00 mm
[endpoint_off_grid]: Symbol pin or wire end off connection grid
    ; warning
    @(419.92 mm, 255.00 mm): Horizontal Wire, length 6.00 mm
[endpoint_off_grid]: Symbol pin or wire end off connection grid
    ; warning
    @(427.54 mm, 34.92 mm): Wire, length 6.002 mm
[endpoint_off_grid]: Symbol pin or wire end off connection grid
    ; warning
    @(427.54 mm, 45.08 mm): Wire, length 6.002 mm
[endpoint_off_grid]: Symbol pin or wire end off connection grid
    ; warning
    @(427.54 mm, 45.08 mm): Symbol Q7 Pin 1 [S, Passive, Line]
[endpoint_off_grid]: Symbol pin or wire end off connection grid
    ; warning
    @(427.54 mm, 45.08 mm): Wire, length 6.002 mm
[endpoint_off_grid]: Symbol pin or wire end off connection grid
    ; warning
    @(427.54 mm, 45.08 mm): Wire, length 6.002 mm
[endpoint_off_grid]: Symbol pin or wire end off connection grid
    ; warning
    @(427.54 mm, 59.92 mm): Wire, length 6.002 mm
[endpoint_off_grid]: Symbol pin or wire end off connection grid
    ; warning
    @(427.54 mm, 70.08 mm): Symbol Q6 Pin 1 [S, Passive, Line]
[endpoint_off_grid]: Symbol pin or wire end off connection grid
    ; warning
    @(427.54 mm, 70.08 mm): Wire, length 6.002 mm
[endpoint_off_grid]: Symbol pin or wire end off connection grid
    ; warning
    @(427.54 mm, 70.08 mm): Wire, length 6.002 mm
[endpoint_off_grid]: Symbol pin or wire end off connection grid
    ; warning
    @(427.54 mm, 70.08 mm): Wire, length 6.002 mm
[endpoint_off_grid]: Symbol pin or wire end off connection grid
    ; warning
    @(427.54 mm, 129.92 mm): Wire, length 6.002 mm
[endpoint_off_grid]: Symbol pin or wire end off connection grid
    ; warning
    @(427.54 mm, 140.08 mm): Symbol Q5 Pin 1 [S, Passive, Line]
[endpoint_off_grid]: Symbol pin or wire end off connection grid
    ; warning
    @(427.54 mm, 140.08 mm): Wire, length 6.002 mm
[endpoint_off_grid]: Symbol pin or wire end off connection grid
    ; warning
    @(427.54 mm, 140.08 mm): Wire, length 6.002 mm
[endpoint_off_grid]: Symbol pin or wire end off connection grid
    ; warning
    @(427.54 mm, 140.08 mm): Wire, length 6.002 mm
[endpoint_off_grid]: Symbol pin or wire end off connection grid
    ; warning
    @(427.54 mm, 154.92 mm): Wire, length 6.002 mm
[endpoint_off_grid]: Symbol pin or wire end off connection grid
    ; warning
    @(427.54 mm, 165.08 mm): Wire, length 6.002 mm
[endpoint_off_grid]: Symbol pin or wire end off connection grid
    ; warning
    @(427.54 mm, 165.08 mm): Wire, length 6.002 mm
[endpoint_off_grid]: Symbol pin or wire end off connection grid
    ; warning
    @(427.54 mm, 165.08 mm): Wire, length 6.002 mm
[endpoint_off_grid]: Symbol pin or wire end off connection grid
    ; warning
    @(427.54 mm, 165.08 mm): Symbol Q4 Pin 1 [S, Passive, Line]
[endpoint_off_grid]: Symbol pin or wire end off connection grid
    ; warning
    @(427.54 mm, 224.92 mm): Wire, length 6.002 mm
[endpoint_off_grid]: Symbol pin or wire end off connection grid
    ; warning
    @(427.54 mm, 235.08 mm): Wire, length 6.002 mm
[endpoint_off_grid]: Symbol pin or wire end off connection grid
    ; warning
    @(427.54 mm, 235.08 mm): Symbol Q3 Pin 1 [S, Passive, Line]
[endpoint_off_grid]: Symbol pin or wire end off connection grid
    ; warning
    @(427.54 mm, 235.08 mm): Wire, length 6.002 mm
[endpoint_off_grid]: Symbol pin or wire end off connection grid
    ; warning
    @(427.54 mm, 235.08 mm): Wire, length 6.002 mm
[endpoint_off_grid]: Symbol pin or wire end off connection grid
    ; warning
    @(427.54 mm, 249.92 mm): Wire, length 6.002 mm
[endpoint_off_grid]: Symbol pin or wire end off connection grid
    ; warning
    @(427.54 mm, 260.08 mm): Wire, length 6.002 mm
[endpoint_off_grid]: Symbol pin or wire end off connection grid
    ; warning
    @(427.54 mm, 260.08 mm): Wire, length 6.002 mm
[endpoint_off_grid]: Symbol pin or wire end off connection grid
    ; warning
    @(427.54 mm, 260.08 mm): Wire, length 6.002 mm
[endpoint_off_grid]: Symbol pin or wire end off connection grid
    ; warning
    @(427.54 mm, 260.08 mm): Symbol Q2 Pin 1 [S, Passive, Line]
[endpoint_off_grid]: Symbol pin or wire end off connection grid
    ; warning
    @(442.38 mm, 67.46 mm): Wire, length 5.999 mm
[endpoint_off_grid]: Symbol pin or wire end off connection grid
    ; warning
    @(442.38 mm, 72.54 mm): Wire, length 5.999 mm
[endpoint_off_grid]: Symbol pin or wire end off connection grid
    ; warning
    @(445.56 mm, 56.69 mm): Horizontal Wire, length 21.80 mm
[endpoint_off_grid]: Symbol pin or wire end off connection grid
    ; warning
    @(447.46 mm, 62.38 mm): Wire, length 5.999 mm
[endpoint_off_grid]: Symbol pin or wire end off connection grid
    ; warning
    @(447.46 mm, 77.62 mm): Wire, length 5.999 mm
[endpoint_off_grid]: Symbol pin or wire end off connection grid
    ; warning
    @(457.62 mm, 70.00 mm): Symbol U5 Pin 1 [Output, Line]
[endpoint_off_grid]: Symbol pin or wire end off connection grid
    ; warning
    @(457.62 mm, 70.00 mm): Horizontal Wire, length 6.00 mm
[endpoint_off_grid]: Symbol pin or wire end off connection grid
    ; warning
    @(459.92 mm, 53.00 mm): Horizontal Wire, length 6.00 mm
[endpoint_off_grid]: Symbol pin or wire end off connection grid
    ; warning
    @(459.92 mm, 53.00 mm): Symbol J5 Pin 1 [Pin_1, Passive, Line]
[endpoint_off_grid]: Symbol pin or wire end off connection grid
    ; warning
    @(459.92 mm, 148.00 mm): Horizontal Wire, length 6.00 mm
[endpoint_off_grid]: Symbol pin or wire end off connection grid
    ; warning
    @(459.92 mm, 148.00 mm): Symbol J4 Pin 1 [Pin_1, Passive, Line]
[endpoint_off_grid]: Symbol pin or wire end off connection grid
    ; warning
    @(459.92 mm, 243.00 mm): Symbol J3 Pin 1 [Pin_1, Passive, Line]
[endpoint_off_grid]: Symbol pin or wire end off connection grid
    ; warning
    @(459.92 mm, 243.00 mm): Horizontal Wire, length 6.00 mm
[endpoint_off_grid]: Symbol pin or wire end off connection grid
    ; warning
    @(463.62 mm, 70.00 mm): Horizontal Wire, length 12.63 mm
[endpoint_off_grid]: Symbol pin or wire end off connection grid
    ; warning
    @(467.36 mm, 56.69 mm): Vertical Wire, length 13.31 mm
[endpoint_off_grid]: Symbol pin or wire end off connection grid
    ; warning
    @(467.36 mm, 70.00 mm): Horizontal Wire, length 22.64 mm
[endpoint_off_grid]: Symbol pin or wire end off connection grid
    ; warning
    @(476.25 mm, 70.00 mm): Vertical Wire, length 20.00 mm
[endpoint_off_grid]: Symbol pin or wire end off connection grid
    ; warning
    @(476.25 mm, 90.00 mm): Horizontal Wire, length 13.75 mm
[endpoint_off_grid]: Symbol pin or wire end off connection grid
    ; warning
    @(480.19 mm, 45.00 mm): Horizontal Wire, length 10.03 mm
[endpoint_off_grid]: Symbol pin or wire end off connection grid
    ; warning
    @(480.19 mm, 140.00 mm): Horizontal Wire, length 10.03 mm
[endpoint_off_grid]: Symbol pin or wire end off connection grid
    ; warning
    @(480.19 mm, 235.00 mm): Horizontal Wire, length 10.03 mm
[endpoint_off_grid]: Symbol pin or wire end off connection grid
    ; warning
    @(486.19 mm, 45.00 mm): Horizontal Wire, length 6.00 mm
[endpoint_off_grid]: Symbol pin or wire end off connection grid
    ; warning
    @(486.19 mm, 45.00 mm): Symbol R28 Pin 1 [Passive, Line]
[endpoint_off_grid]: Symbol pin or wire end off connection grid
    ; warning
    @(486.19 mm, 65.00 mm): Symbol R27 Pin 1 [Passive, Line]
[endpoint_off_grid]: Symbol pin or wire end off connection grid
    ; warning
    @(486.19 mm, 65.00 mm): Horizontal Wire, length 6.00 mm
[endpoint_off_grid]: Symbol pin or wire end off connection grid
    ; warning
    @(486.19 mm, 140.00 mm): Symbol R23 Pin 1 [Passive, Line]
[endpoint_off_grid]: Symbol pin or wire end off connection grid
    ; warning
    @(486.19 mm, 140.00 mm): Horizontal Wire, length 6.00 mm
[endpoint_off_grid]: Symbol pin or wire end off connection grid
    ; warning
    @(486.19 mm, 160.00 mm): Symbol R22 Pin 1 [Passive, Line]
[endpoint_off_grid]: Symbol pin or wire end off connection grid
    ; warning
    @(486.19 mm, 160.00 mm): Horizontal Wire, length 6.00 mm
[endpoint_off_grid]: Symbol pin or wire end off connection grid
    ; warning
    @(486.19 mm, 235.00 mm): Horizontal Wire, length 6.00 mm
[endpoint_off_grid]: Symbol pin or wire end off connection grid
    ; warning
    @(486.19 mm, 235.00 mm): Symbol R18 Pin 1 [Passive, Line]
[endpoint_off_grid]: Symbol pin or wire end off connection grid
    ; warning
    @(486.19 mm, 255.00 mm): Symbol R17 Pin 1 [Passive, Line]
[endpoint_off_grid]: Symbol pin or wire end off connection grid
    ; warning
    @(486.19 mm, 255.00 mm): Horizontal Wire, length 6.00 mm
[endpoint_off_grid]: Symbol pin or wire end off connection grid
    ; warning
    @(490.22 mm, 45.00 mm): Vertical Wire, length 20.00 mm
[endpoint_off_grid]: Symbol pin or wire end off connection grid
    ; warning
    @(490.22 mm, 65.00 mm): Horizontal Wire, length 9.59 mm
[endpoint_off_grid]: Symbol pin or wire end off connection grid
    ; warning
    @(490.22 mm, 140.00 mm): Vertical Wire, length 20.00 mm
[endpoint_off_grid]: Symbol pin or wire end off connection grid
    ; warning
    @(490.22 mm, 160.00 mm): Horizontal Wire, length 9.59 mm
[endpoint_off_grid]: Symbol pin or wire end off connection grid
    ; warning
    @(490.22 mm, 235.00 mm): Vertical Wire, length 20.00 mm
[endpoint_off_grid]: Symbol pin or wire end off connection grid
    ; warning
    @(490.22 mm, 255.00 mm): Horizontal Wire, length 9.59 mm
[endpoint_off_grid]: Symbol pin or wire end off connection grid
    ; warning
    @(493.81 mm, 45.00 mm): Horizontal Wire, length 6.00 mm
[endpoint_off_grid]: Symbol pin or wire end off connection grid
    ; warning
    @(493.81 mm, 65.00 mm): Horizontal Wire, length 6.00 mm
[endpoint_off_grid]: Symbol pin or wire end off connection grid
    ; warning
    @(493.81 mm, 140.00 mm): Horizontal Wire, length 6.00 mm
[endpoint_off_grid]: Symbol pin or wire end off connection grid
    ; warning
    @(493.81 mm, 160.00 mm): Horizontal Wire, length 6.00 mm
[endpoint_off_grid]: Symbol pin or wire end off connection grid
    ; warning
    @(493.81 mm, 235.00 mm): Horizontal Wire, length 6.00 mm
[endpoint_off_grid]: Symbol pin or wire end off connection grid
    ; warning
    @(493.81 mm, 255.00 mm): Horizontal Wire, length 6.00 mm
[endpoint_off_grid]: Symbol pin or wire end off connection grid
    ; warning
    @(499.81 mm, 65.00 mm): Horizontal Wire, length 5.19 mm
[endpoint_off_grid]: Symbol pin or wire end off connection grid
    ; warning
    @(499.81 mm, 160.00 mm): Horizontal Wire, length 5.19 mm
[endpoint_off_grid]: Symbol pin or wire end off connection grid
    ; warning
    @(499.81 mm, 255.00 mm): Horizontal Wire, length 5.19 mm
[endpoint_off_grid]: Symbol pin or wire end off connection grid
    ; warning
    @(531.19 mm, 105.00 mm): Horizontal Wire, length 6.00 mm
[endpoint_off_grid]: Symbol pin or wire end off connection grid
    ; warning
    @(531.19 mm, 105.00 mm): Symbol R30 Pin 1 [Passive, Line]
[endpoint_off_grid]: Symbol pin or wire end off connection grid
    ; warning
    @(538.81 mm, 105.00 mm): Horizontal Wire, length 6.00 mm
[endpoint_off_grid]: Symbol pin or wire end off connection grid
    ; warning
    @(546.19 mm, 55.00 mm): Symbol R29 Pin 1 [Passive, Line]
[endpoint_off_grid]: Symbol pin or wire end off connection grid
    ; warning
    @(546.19 mm, 55.00 mm): Horizontal Wire, length 6.00 mm
[endpoint_off_grid]: Symbol pin or wire end off connection grid
    ; warning
    @(546.19 mm, 150.00 mm): Horizontal Wire, length 6.00 mm
[endpoint_off_grid]: Symbol pin or wire end off connection grid
    ; warning
    @(546.19 mm, 150.00 mm): Symbol R24 Pin 1 [Passive, Line]
[endpoint_off_grid]: Symbol pin or wire end off connection grid
    ; warning
    @(546.19 mm, 245.00 mm): Symbol R19 Pin 1 [Passive, Line]
[endpoint_off_grid]: Symbol pin or wire end off connection grid
    ; warning
    @(546.19 mm, 245.00 mm): Horizontal Wire, length 6.00 mm
[endpoint_off_grid]: Symbol pin or wire end off connection grid
    ; warning
    @(553.81 mm, 55.00 mm): Horizontal Wire, length 6.00 mm
[endpoint_off_grid]: Symbol pin or wire end off connection grid
    ; warning
    @(553.81 mm, 150.00 mm): Horizontal Wire, length 6.00 mm
[endpoint_off_grid]: Symbol pin or wire end off connection grid
    ; warning
    @(553.81 mm, 245.00 mm): Horizontal Wire, length 6.00 mm
[endpoint_off_grid]: Symbol pin or wire end off connection grid
    ; warning
    @(230.00 mm, 90.00 mm): Horizontal Wire, length 45.59 mm
[endpoint_off_grid]: Symbol pin or wire end off connection grid
    ; warning
    @(230.00 mm, 125.00 mm): Horizontal Wire, length 36.70 mm
[endpoint_off_grid]: Symbol pin or wire end off connection grid
    ; warning
    @(230.00 mm, 140.00 mm): Horizontal Wire, length 36.70 mm
[endpoint_off_grid]: Symbol pin or wire end off connection grid
    ; warning
    @(230.00 mm, 155.00 mm): Horizontal Wire, length 37.97 mm
[endpoint_off_grid]: Symbol pin or wire end off connection grid
    ; warning
    @(230.00 mm, 170.00 mm): Horizontal Wire, length 36.70 mm
[endpoint_off_grid]: Symbol pin or wire end off connection grid
    ; warning
    @(230.00 mm, 185.00 mm): Horizontal Wire, length 37.97 mm
[endpoint_off_grid]: Symbol pin or wire end off connection grid
    ; warning
    @(230.00 mm, 200.00 mm): Horizontal Wire, length 37.97 mm
[endpoint_off_grid]: Symbol pin or wire end off connection grid
    ; warning
    @(255.19 mm, 125.00 mm): Horizontal Wire, length 25.48 mm
[endpoint_off_grid]: Symbol pin or wire end off connection grid
    ; warning
    @(255.19 mm, 180.00 mm): Horizontal Wire, length 25.48 mm
[endpoint_off_grid]: Symbol pin or wire end off connection grid
    ; warning
    @(261.19 mm, 125.00 mm): Symbol R33 Pin 1 [Passive, Line]
[endpoint_off_grid]: Symbol pin or wire end off connection grid
    ; warning
    @(261.19 mm, 125.00 mm): Horizontal Wire, length 6.00 mm
[endpoint_off_grid]: Symbol pin or wire end off connection grid
    ; warning
    @(261.19 mm, 180.00 mm): Symbol R32 Pin 1 [Passive, Line]
[endpoint_off_grid]: Symbol pin or wire end off connection grid
    ; warning
    @(261.19 mm, 180.00 mm): Horizontal Wire, length 6.00 mm
[endpoint_off_grid]: Symbol pin or wire end off connection grid
    ; warning
    @(266.70 mm, 125.00 mm): Vertical Wire, length 42.76 mm
[endpoint_off_grid]: Symbol pin or wire end off connection grid
    ; warning
    @(266.70 mm, 140.00 mm): Vertical Wire, length 14.08 mm
[endpoint_off_grid]: Symbol pin or wire end off connection grid
    ; warning
    @(266.70 mm, 154.08 mm): Horizontal Wire, length 37.52 mm
[endpoint_off_grid]: Symbol pin or wire end off connection grid
    ; warning
    @(266.70 mm, 164.00 mm): Horizontal Wire, length 37.32 mm
[endpoint_off_grid]: Symbol pin or wire end off connection grid
    ; warning
    @(266.70 mm, 167.76 mm): Horizontal Wire, length 37.77 mm
[endpoint_off_grid]: Symbol pin or wire end off connection grid
    ; warning
    @(266.70 mm, 170.00 mm): Vertical Wire, length 6.00 mm
[endpoint_off_grid]: Symbol pin or wire end off connection grid
    ; warning
    @(267.97 mm, 139.77 mm): Horizontal Wire, length 38.54 mm
[endpoint_off_grid]: Symbol pin or wire end off connection grid
    ; warning
    @(267.97 mm, 142.61 mm): Horizontal Wire, length 38.12 mm
[endpoint_off_grid]: Symbol pin or wire end off connection grid
    ; warning
    @(267.97 mm, 150.47 mm): Horizontal Wire, length 36.78 mm
[endpoint_off_grid]: Symbol pin or wire end off connection grid
    ; warning
    @(267.97 mm, 155.00 mm): Vertical Wire, length 12.39 mm
[endpoint_off_grid]: Symbol pin or wire end off connection grid
    ; warning
    @(267.97 mm, 185.00 mm): Vertical Wire, length 34.53 mm
[endpoint_off_grid]: Symbol pin or wire end off connection grid
    ; warning
    @(267.97 mm, 200.00 mm): Vertical Wire, length 60.23 mm
[endpoint_off_grid]: Symbol pin or wire end off connection grid
    ; warning
    @(268.81 mm, 125.00 mm): Horizontal Wire, length 6.00 mm
[endpoint_off_grid]: Symbol pin or wire end off connection grid
    ; warning
    @(268.81 mm, 180.00 mm): Horizontal Wire, length 6.00 mm
[endpoint_off_grid]: Symbol pin or wire end off connection grid
    ; warning
    @(275.59 mm, 90.00 mm): Vertical Wire, length 41.14 mm
[endpoint_off_grid]: Symbol pin or wire end off connection grid
    ; warning
    @(275.59 mm, 131.14 mm): Horizontal Wire, length 44.41 mm
[endpoint_off_grid]: Symbol pin or wire end off connection grid
    ; warning
    @(280.67 mm, 125.00 mm): Vertical Wire, length 57.99 mm
[endpoint_off_grid]: Symbol pin or wire end off connection grid
    ; warning
    @(280.67 mm, 174.40 mm): Horizontal Wire, length 24.93 mm
[endpoint_off_grid]: Symbol pin or wire end off connection grid
    ; warning
    @(280.67 mm, 180.00 mm): Vertical Wire, length 5.60 mm
[endpoint_off_grid]: Symbol pin or wire end off connection grid
    ; warning
    @(280.67 mm, 182.99 mm): Horizontal Wire, length 26.19 mm
[endpoint_off_grid]: Symbol pin or wire end off connection grid
    ; warning
    @(309.84 mm, 144.76 mm): Wire, length 5.999 mm
[endpoint_off_grid]: Symbol pin or wire end off connection grid
    ; warning
    @(309.84 mm, 147.30 mm): Symbol U6 Pin 1 [LIN1, Input, Line]
[endpoint_off_grid]: Symbol pin or wire end off connection grid
    ; warning
    @(309.84 mm, 147.30 mm): Wire, length 6.005 mm
[endpoint_off_grid]: Symbol pin or wire end off connection grid
    ; warning
    @(309.84 mm, 153.65 mm): Wire, length 6.002 mm
[endpoint_off_grid]: Symbol pin or wire end off connection grid
    ; warning
    @(309.84 mm, 156.19 mm): Wire, length 6.003 mm
[endpoint_off_grid]: Symbol pin or wire end off connection grid
    ; warning
    @(309.84 mm, 162.54 mm): Wire, length 6.00 mm
[endpoint_off_grid]: Symbol pin or wire end off connection grid
    ; warning
    @(309.84 mm, 165.08 mm): Wire, length 6.002 mm
[endpoint_off_grid]: Symbol pin or wire end off connection grid
    ; warning
    @(309.84 mm, 170.16 mm): Wire, length 5.996 mm
[endpoint_off_grid]: Symbol pin or wire end off connection grid
    ; warning
    @(309.84 mm, 177.78 mm): Wire, length 6.002 mm
[endpoint_off_grid]: Symbol pin or wire end off connection grid
    ; warning
    @(314.92 mm, 185.40 mm): Wire, length 5.997 mm
[endpoint_off_grid]: Symbol pin or wire end off connection grid
    ; warning
    @(320.00 mm, 137.14 mm): Vertical Wire, length 6.00 mm
[endpoint_off_grid]: Symbol pin or wire end off connection grid
    ; warning
    @(320.00 mm, 185.40 mm): Vertical Wire, length 6.00 mm
[endpoint_off_grid]: Symbol pin or wire end off connection grid
    ; warning
    @(330.16 mm, 143.49 mm): Wire, length 5.998 mm
[endpoint_off_grid]: Symbol pin or wire end off connection grid
    ; warning
    @(330.16 mm, 146.03 mm): Wire, length 5.999 mm
[endpoint_off_grid]: Symbol pin or wire end off connection grid
    ; warning
    @(330.16 mm, 148.57 mm): Wire, length 5.999 mm
[endpoint_off_grid]: Symbol pin or wire end off connection grid
    ; warning
    @(330.16 mm, 151.11 mm): Wire, length 6.003 mm
[endpoint_off_grid]: Symbol pin or wire end off connection grid
    ; warning
    @(330.16 mm, 156.19 mm): Wire, length 6.003 mm
[endpoint_off_grid]: Symbol pin or wire end off connection grid
    ; warning
    @(330.16 mm, 158.73 mm): Wire, length 5.996 mm
[endpoint_off_grid]: Symbol pin or wire end off connection grid
    ; warning
    @(330.16 mm, 161.27 mm): Wire, length 5.996 mm
[endpoint_off_grid]: Symbol pin or wire end off connection grid
    ; warning
    @(330.16 mm, 163.81 mm): Wire, length 6.003 mm
[endpoint_off_grid]: Symbol pin or wire end off connection grid
    ; warning
    @(330.16 mm, 168.89 mm): Wire, length 6.003 mm
[endpoint_off_grid]: Symbol pin or wire end off connection grid
    ; warning
    @(330.16 mm, 171.43 mm): Wire, length 5.999 mm
[endpoint_off_grid]: Symbol pin or wire end off connection grid
    ; warning
    @(330.16 mm, 173.97 mm): Wire, length 5.999 mm
[endpoint_off_grid]: Symbol pin or wire end off connection grid
    ; warning
    @(330.16 mm, 176.51 mm): Wire, length 5.998 mm
[endpoint_off_grid]: Symbol pin or wire end off connection grid
    ; warning
    @(333.30 mm, 138.38 mm): Horizontal Wire, length 21.03 mm
[endpoint_off_grid]: Symbol pin or wire end off connection grid
    ; warning
    @(333.30 mm, 181.62 mm): Horizontal Wire, length 17.22 mm
[endpoint_off_grid]: Symbol pin or wire end off connection grid
    ; warning
    @(333.69 mm, 141.18 mm): Horizontal Wire, length 16.83 mm
[endpoint_off_grid]: Symbol pin or wire end off connection grid
    ; warning
    @(334.15 mm, 175.91 mm): Horizontal Wire, length 17.64 mm
[endpoint_off_grid]: Symbol pin or wire end off connection grid
    ; warning
    @(334.68 mm, 147.16 mm): Horizontal Wire, length 17.11 mm
[endpoint_off_grid]: Symbol pin or wire end off connection grid
    ; warning
    @(334.68 mm, 172.84 mm): Horizontal Wire, length 19.65 mm
[endpoint_off_grid]: Symbol pin or wire end off connection grid
    ; warning
    @(335.78 mm, 154.08 mm): Horizontal Wire, length 19.82 mm
[endpoint_off_grid]: Symbol pin or wire end off connection grid
    ; warning
    @(335.78 mm, 165.92 mm): Horizontal Wire, length 16.01 mm
[endpoint_off_grid]: Symbol pin or wire end off connection grid
    ; warning
    @(336.11 mm, 157.99 mm): Horizontal Wire, length 15.68 mm
[endpoint_off_grid]: Symbol pin or wire end off connection grid
    ; warning
    @(350.52 mm, 40.00 mm): Horizontal Wire, length 17.67 mm
[endpoint_off_grid]: Symbol pin or wire end off connection grid
    ; warning
    @(350.52 mm, 141.18 mm): Vertical Wire, length 113.82 mm
[endpoint_off_grid]: Symbol pin or wire end off connection grid
    ; warning
    @(350.52 mm, 181.62 mm): Vertical Wire, length 141.62 mm
[endpoint_off_grid]: Symbol pin or wire end off connection grid
    ; warning
    @(350.52 mm, 255.00 mm): Horizontal Wire, length 17.67 mm
[endpoint_off_grid]: Symbol pin or wire end off connection grid
    ; warning
    @(351.79 mm, 65.00 mm): Horizontal Wire, length 16.40 mm
[endpoint_off_grid]: Symbol pin or wire end off connection grid
    ; warning
    @(351.79 mm, 135.00 mm): Horizontal Wire, length 16.40 mm
[endpoint_off_grid]: Symbol pin or wire end off connection grid
    ; warning
    @(351.79 mm, 147.16 mm): Vertical Wire, length 82.84 mm
[endpoint_off_grid]: Symbol pin or wire end off connection grid
    ; warning
    @(351.79 mm, 157.99 mm): Vertical Wire, length 2.01 mm
[endpoint_off_grid]: Symbol pin or wire end off connection grid
    ; warning
    @(351.79 mm, 160.00 mm): Horizontal Wire, length 16.40 mm
[endpoint_off_grid]: Symbol pin or wire end off connection grid
    ; warning
    @(351.79 mm, 165.92 mm): Vertical Wire, length 30.92 mm
[endpoint_off_grid]: Symbol pin or wire end off connection grid
    ; warning
    @(351.79 mm, 175.91 mm): Vertical Wire, length 110.91 mm
[endpoint_off_grid]: Symbol pin or wire end off connection grid
    ; warning
    @(351.79 mm, 230.00 mm): Horizontal Wire, length 16.40 mm
[endpoint_off_grid]: Symbol pin or wire end off connection grid
    ; warning
    @(354.33 mm, 83.00 mm): Horizontal Wire, length 20.86 mm
[endpoint_off_grid]: Symbol pin or wire end off connection grid
    ; warning
    @(354.33 mm, 138.38 mm): Vertical Wire, length 134.62 mm
[endpoint_off_grid]: Symbol pin or wire end off connection grid
    ; warning
    @(354.33 mm, 172.84 mm): Vertical Wire, length 89.84 mm
[endpoint_off_grid]: Symbol pin or wire end off connection grid
    ; warning
    @(354.33 mm, 273.00 mm): Horizontal Wire, length 20.86 mm
[endpoint_off_grid]: Symbol pin or wire end off connection grid
    ; warning
    @(355.60 mm, 154.08 mm): Vertical Wire, length 23.92 mm
[endpoint_off_grid]: Symbol pin or wire end off connection grid
    ; warning
    @(355.60 mm, 178.00 mm): Horizontal Wire, length 19.59 mm
[endpoint_off_grid]: Symbol pin or wire end off connection grid
    ; warning
    @(374.19 mm, 40.00 mm): Horizontal Wire, length 6.00 mm
[endpoint_off_grid]: Symbol pin or wire end off connection grid
    ; warning
    @(374.19 mm, 40.00 mm): Symbol R45 Pin 1 [Passive, Line]
[endpoint_off_grid]: Symbol pin or wire end off connection grid
    ; warning
    @(374.19 mm, 65.00 mm): Symbol R44 Pin 1 [Passive, Line]
[endpoint_off_grid]: Symbol pin or wire end off connection grid
    ; warning
    @(374.19 mm, 65.00 mm): Horizontal Wire, length 6.00 mm
[endpoint_off_grid]: Symbol pin or wire end off connection grid
    ; warning
    @(374.19 mm, 135.00 mm): Horizontal Wire, length 6.00 mm
[endpoint_off_grid]: Symbol pin or wire end off connection grid
    ; warning
    @(374.19 mm, 135.00 mm): Symbol R40 Pin 1 [Passive, Line]
[endpoint_off_grid]: Symbol pin or wire end off connection grid
    ; warning
    @(374.19 mm, 160.00 mm): Horizontal Wire, length 6.00 mm
[endpoint_off_grid]: Symbol pin or wire end off connection grid
    ; warning
    @(374.19 mm, 160.00 mm): Symbol R39 Pin 1 [Passive, Line]
[endpoint_off_grid]: Symbol pin or wire end off connection grid
    ; warning
    @(374.19 mm, 230.00 mm): Horizontal Wire, length 6.00 mm
[endpoint_off_grid]: Symbol pin or wire end off connection grid
    ; warning
    @(374.19 mm, 230.00 mm): Symbol R35 Pin 1 [Passive, Line]
[endpoint_off_grid]: Symbol pin or wire end off connection grid
    ; warning
    @(374.19 mm, 255.00 mm): Horizontal Wire, length 6.00 mm
[endpoint_off_grid]: Symbol pin or wire end off connection grid
    ; warning
    @(374.19 mm, 255.00 mm): Symbol R34 Pin 1 [Passive, Line]
[endpoint_off_grid]: Symbol pin or wire end off connection grid
    ; warning
    @(381.19 mm, 83.00 mm): Symbol C10 Pin 1 [Passive, Line]
[endpoint_off_grid]: Symbol pin or wire end off connection grid
    ; warning
    @(381.19 mm, 83.00 mm): Horizontal Wire, length 6.00 mm
[endpoint_off_grid]: Symbol pin or wire end off connection grid
    ; warning
    @(381.19 mm, 178.00 mm): Horizontal Wire, length 6.00 mm
[endpoint_off_grid]: Symbol pin or wire end off connection grid
    ; warning
    @(381.19 mm, 178.00 mm): Symbol C9 Pin 1 [Passive, Line]
[endpoint_off_grid]: Symbol pin or wire end off connection grid
    ; warning
    @(381.19 mm, 273.00 mm): Symbol C8 Pin 1 [Passive, Line]
[endpoint_off_grid]: Symbol pin or wire end off connection grid
    ; warning
    @(381.19 mm, 273.00 mm): Horizontal Wire, length 6.00 mm
[endpoint_off_grid]: Symbol pin or wire end off connection grid
    ; warning
    @(381.81 mm, 40.00 mm): Horizontal Wire, length 6.00 mm
[endpoint_off_grid]: Symbol pin or wire end off connection grid
    ; warning
    @(381.81 mm, 65.00 mm): Horizontal Wire, length 6.00 mm
[endpoint_off_grid]: Symbol pin or wire end off connection grid
    ; warning
    @(381.81 mm, 135.00 mm): Horizontal Wire, length 6.00 mm
[endpoint_off_grid]: Symbol pin or wire end off connection grid
    ; warning
    @(381.81 mm, 160.00 mm): Horizontal Wire, length 6.00 mm
[endpoint_off_grid]: Symbol pin or wire end off connection grid
    ; warning
    @(381.81 mm, 230.00 mm): Horizontal Wire, length 6.00 mm
[endpoint_off_grid]: Symbol pin or wire end off connection grid
    ; warning
    @(381.81 mm, 255.00 mm): Horizontal Wire, length 6.00 mm
[endpoint_off_grid]: Symbol pin or wire end off connection grid
    ; warning
    @(387.81 mm, 40.00 mm): Horizontal Wire, length 26.11 mm
[endpoint_off_grid]: Symbol pin or wire end off connection grid
    ; warning
    @(387.81 mm, 65.00 mm): Horizontal Wire, length 26.11 mm
[endpoint_off_grid]: Symbol pin or wire end off connection grid
    ; warning
    @(387.81 mm, 135.00 mm): Horizontal Wire, length 26.11 mm
[endpoint_off_grid]: Symbol pin or wire end off connection grid
    ; warning
    @(387.81 mm, 160.00 mm): Horizontal Wire, length 26.11 mm
[endpoint_off_grid]: Symbol pin or wire end off connection grid
    ; warning
    @(387.81 mm, 230.00 mm): Horizontal Wire, length 26.11 mm
[endpoint_off_grid]: Symbol pin or wire end off connection grid
    ; warning
    @(387.81 mm, 255.00 mm): Horizontal Wire, length 26.11 mm
[endpoint_off_grid]: Symbol pin or wire end off connection grid
    ; warning
    @(388.81 mm, 83.00 mm): Horizontal Wire, length 6.00 mm
[endpoint_off_grid]: Symbol pin or wire end off connection grid
    ; warning
    @(388.81 mm, 178.00 mm): Horizontal Wire, length 6.00 mm
[endpoint_off_grid]: Symbol pin or wire end off connection grid
    ; warning
    @(388.81 mm, 273.00 mm): Horizontal Wire, length 6.00 mm
[endpoint_off_grid]: Symbol pin or wire end off connection grid
    ; warning
    @(406.19 mm, 70.00 mm): Symbol R50 Pin 1 [Passive, Line]
[endpoint_off_grid]: Symbol pin or wire end off connection grid
    ; warning
    @(406.19 mm, 70.00 mm): Horizontal Wire, length 6.00 mm
[endpoint_off_grid]: Symbol pin or wire end off connection grid
    ; warning
    @(413.81 mm, 70.00 mm): Horizontal Wire, length 6.00 mm
[endpoint_off_grid]: Symbol pin or wire end off connection grid
    ; warning
    @(419.92 mm, 40.00 mm): Horizontal Wire, length 6.00 mm
[endpoint_off_grid]: Symbol pin or wire end off connection grid
    ; warning
    @(419.92 mm, 65.00 mm): Horizontal Wire, length 6.00 mm
[endpoint_off_grid]: Symbol pin or wire end off connection grid
    ; warning
    @(419.92 mm, 135.00 mm): Horizontal Wire, length 6.00 mm
[endpoint_off_grid]: Symbol pin or wire end off connection grid
    ; warning
    @(419.92 mm, 160.00 mm): Horizontal Wire, length 6.00 mm
[endpoint_off_grid]: Symbol pin or wire end off connection grid
    ; warning
    @(419.92 mm, 230.00 mm): Horizontal Wire, length 6.00 mm
[endpoint_off_grid]: Symbol pin or wire end off connection grid
    ; warning
    @(419.92 mm, 255.00 mm): Horizontal Wire, length 6.00 mm
[endpoint_off_grid]: Symbol pin or wire end off connection grid
    ; warning
    @(427.54 mm, 34.92 mm): Wire, length 6.002 mm
[endpoint_off_grid]: Symbol pin or wire end off connection grid
    ; warning
    @(427.54 mm, 45.08 mm): Wire, length 6.002 mm
[endpoint_off_grid]: Symbol pin or wire end off connection grid
    ; warning
    @(427.54 mm, 45.08 mm): Wire, length 6.002 mm
[endpoint_off_grid]: Symbol pin or wire end off connection grid
    ; warning
    @(427.54 mm, 45.08 mm): Wire, length 6.002 mm
[endpoint_off_grid]: Symbol pin or wire end off connection grid
    ; warning
    @(427.54 mm, 45.08 mm): Symbol Q13 Pin 1 [S, Passive, Line]
[endpoint_off_grid]: Symbol pin or wire end off connection grid
    ; warning
    @(427.54 mm, 59.92 mm): Wire, length 6.002 mm
[endpoint_off_grid]: Symbol pin or wire end off connection grid
    ; warning
    @(427.54 mm, 70.08 mm): Wire, length 6.002 mm
[endpoint_off_grid]: Symbol pin or wire end off connection grid
    ; warning
    @(427.54 mm, 70.08 mm): Wire, length 6.002 mm
[endpoint_off_grid]: Symbol pin or wire end off connection grid
    ; warning
    @(427.54 mm, 70.08 mm): Wire, length 6.002 mm
[endpoint_off_grid]: Symbol pin or wire end off connection grid
    ; warning
    @(427.54 mm, 70.08 mm): Symbol Q12 Pin 1 [S, Passive, Line]
[endpoint_off_grid]: Symbol pin or wire end off connection grid
    ; warning
    @(427.54 mm, 129.92 mm): Wire, length 6.002 mm
[endpoint_off_grid]: Symbol pin or wire end off connection grid
    ; warning
    @(427.54 mm, 140.08 mm): Wire, length 6.002 mm
[endpoint_off_grid]: Symbol pin or wire end off connection grid
    ; warning
    @(427.54 mm, 140.08 mm): Wire, length 6.002 mm
[endpoint_off_grid]: Symbol pin or wire end off connection grid
    ; warning
    @(427.54 mm, 140.08 mm): Wire, length 6.002 mm
[endpoint_off_grid]: Symbol pin or wire end off connection grid
    ; warning
    @(427.54 mm, 140.08 mm): Symbol Q11 Pin 1 [S, Passive, Line]
[endpoint_off_grid]: Symbol pin or wire end off connection grid
    ; warning
    @(427.54 mm, 154.92 mm): Wire, length 6.002 mm
[endpoint_off_grid]: Symbol pin or wire end off connection grid
    ; warning
    @(427.54 mm, 165.08 mm): Symbol Q10 Pin 1 [S, Passive, Line]
[endpoint_off_grid]: Symbol pin or wire end off connection grid
    ; warning
    @(427.54 mm, 165.08 mm): Wire, length 6.002 mm
[endpoint_off_grid]: Symbol pin or wire end off connection grid
    ; warning
    @(427.54 mm, 165.08 mm): Wire, length 6.002 mm
[endpoint_off_grid]: Symbol pin or wire end off connection grid
    ; warning
    @(427.54 mm, 165.08 mm): Wire, length 6.002 mm
[endpoint_off_grid]: Symbol pin or wire end off connection grid
    ; warning
    @(427.54 mm, 224.92 mm): Wire, length 6.002 mm
[endpoint_off_grid]: Symbol pin or wire end off connection grid
    ; warning
    @(427.54 mm, 235.08 mm): Wire, length 6.002 mm
[endpoint_off_grid]: Symbol pin or wire end off connection grid
    ; warning
    @(427.54 mm, 235.08 mm): Wire, length 6.002 mm
[endpoint_off_grid]: Symbol pin or wire end off connection grid
    ; warning
    @(427.54 mm, 235.08 mm): Wire, length 6.002 mm
[endpoint_off_grid]: Symbol pin or wire end off connection grid
    ; warning
    @(427.54 mm, 235.08 mm): Symbol Q9 Pin 1 [S, Passive, Line]
[endpoint_off_grid]: Symbol pin or wire end off connection grid
    ; warning
    @(427.54 mm, 249.92 mm): Wire, length 6.002 mm
[endpoint_off_grid]: Symbol pin or wire end off connection grid
    ; warning
    @(427.54 mm, 260.08 mm): Wire, length 6.002 mm
[endpoint_off_grid]: Symbol pin or wire end off connection grid
    ; warning
    @(427.54 mm, 260.08 mm): Symbol Q8 Pin 1 [S, Passive, Line]
[endpoint_off_grid]: Symbol pin or wire end off connection grid
    ; warning
    @(427.54 mm, 260.08 mm): Wire, length 6.002 mm
[endpoint_off_grid]: Symbol pin or wire end off connection grid
    ; warning
    @(427.54 mm, 260.08 mm): Wire, length 6.002 mm
[endpoint_off_grid]: Symbol pin or wire end off connection grid
    ; warning
    @(442.38 mm, 67.46 mm): Wire, length 5.999 mm
[endpoint_off_grid]: Symbol pin or wire end off connection grid
    ; warning
    @(442.38 mm, 72.54 mm): Wire, length 5.999 mm
[endpoint_off_grid]: Symbol pin or wire end off connection grid
    ; warning
    @(445.56 mm, 56.69 mm): Horizontal Wire, length 21.80 mm
[endpoint_off_grid]: Symbol pin or wire end off connection grid
    ; warning
    @(447.46 mm, 62.38 mm): Wire, length 5.999 mm
[endpoint_off_grid]: Symbol pin or wire end off connection grid
    ; warning
    @(447.46 mm, 77.62 mm): Wire, length 5.999 mm
[endpoint_off_grid]: Symbol pin or wire end off connection grid
    ; warning
    @(457.62 mm, 70.00 mm): Horizontal Wire, length 6.00 mm
[endpoint_off_grid]: Symbol pin or wire end off connection grid
    ; warning
    @(457.62 mm, 70.00 mm): Symbol U7 Pin 1 [Output, Line]
[endpoint_off_grid]: Symbol pin or wire end off connection grid
    ; warning
    @(459.92 mm, 53.00 mm): Symbol J8 Pin 1 [Pin_1, Passive, Line]
[endpoint_off_grid]: Symbol pin or wire end off connection grid
    ; warning
    @(459.92 mm, 53.00 mm): Horizontal Wire, length 6.00 mm
[endpoint_off_grid]: Symbol pin or wire end off connection grid
    ; warning
    @(459.92 mm, 148.00 mm): Symbol J7 Pin 1 [Pin_1, Passive, Line]
[endpoint_off_grid]: Symbol pin or wire end off connection grid
    ; warning
    @(459.92 mm, 148.00 mm): Horizontal Wire, length 6.00 mm
[endpoint_off_grid]: Symbol pin or wire end off connection grid
    ; warning
    @(459.92 mm, 243.00 mm): Symbol J6 Pin 1 [Pin_1, Passive, Line]
[endpoint_off_grid]: Symbol pin or wire end off connection grid
    ; warning
    @(459.92 mm, 243.00 mm): Horizontal Wire, length 6.00 mm
[endpoint_off_grid]: Symbol pin or wire end off connection grid
    ; warning
    @(463.62 mm, 70.00 mm): Horizontal Wire, length 12.63 mm
[endpoint_off_grid]: Symbol pin or wire end off connection grid
    ; warning
    @(467.36 mm, 56.69 mm): Vertical Wire, length 13.31 mm
[endpoint_off_grid]: Symbol pin or wire end off connection grid
    ; warning
    @(467.36 mm, 70.00 mm): Horizontal Wire, length 22.64 mm
[endpoint_off_grid]: Symbol pin or wire end off connection grid
    ; warning
    @(476.25 mm, 70.00 mm): Vertical Wire, length 20.00 mm
[endpoint_off_grid]: Symbol pin or wire end off connection grid
    ; warning
    @(476.25 mm, 90.00 mm): Horizontal Wire, length 13.75 mm
[endpoint_off_grid]: Symbol pin or wire end off connection grid
    ; warning
    @(480.19 mm, 45.00 mm): Horizontal Wire, length 10.03 mm
[endpoint_off_grid]: Symbol pin or wire end off connection grid
    ; warning
    @(480.19 mm, 140.00 mm): Horizontal Wire, length 10.03 mm
[endpoint_off_grid]: Symbol pin or wire end off connection grid
    ; warning
    @(480.19 mm, 235.00 mm): Horizontal Wire, length 10.03 mm
[endpoint_off_grid]: Symbol pin or wire end off connection grid
    ; warning
    @(486.19 mm, 45.00 mm): Horizontal Wire, length 6.00 mm
[endpoint_off_grid]: Symbol pin or wire end off connection grid
    ; warning
    @(486.19 mm, 45.00 mm): Symbol R47 Pin 1 [Passive, Line]
[endpoint_off_grid]: Symbol pin or wire end off connection grid
    ; warning
    @(486.19 mm, 65.00 mm): Symbol R46 Pin 1 [Passive, Line]
[endpoint_off_grid]: Symbol pin or wire end off connection grid
    ; warning
    @(486.19 mm, 65.00 mm): Horizontal Wire, length 6.00 mm
[endpoint_off_grid]: Symbol pin or wire end off connection grid
    ; warning
    @(486.19 mm, 140.00 mm): Horizontal Wire, length 6.00 mm
[endpoint_off_grid]: Symbol pin or wire end off connection grid
    ; warning
    @(486.19 mm, 140.00 mm): Symbol R42 Pin 1 [Passive, Line]
[endpoint_off_grid]: Symbol pin or wire end off connection grid
    ; warning
    @(486.19 mm, 160.00 mm): Symbol R41 Pin 1 [Passive, Line]
[endpoint_off_grid]: Symbol pin or wire end off connection grid
    ; warning
    @(486.19 mm, 160.00 mm): Horizontal Wire, length 6.00 mm
[endpoint_off_grid]: Symbol pin or wire end off connection grid
    ; warning
    @(486.19 mm, 235.00 mm): Horizontal Wire, length 6.00 mm
[endpoint_off_grid]: Symbol pin or wire end off connection grid
    ; warning
    @(486.19 mm, 235.00 mm): Symbol R37 Pin 1 [Passive, Line]
[endpoint_off_grid]: Symbol pin or wire end off connection grid
    ; warning
    @(486.19 mm, 255.00 mm): Symbol R36 Pin 1 [Passive, Line]
[endpoint_off_grid]: Symbol pin or wire end off connection grid
    ; warning
    @(486.19 mm, 255.00 mm): Horizontal Wire, length 6.00 mm
[endpoint_off_grid]: Symbol pin or wire end off connection grid
    ; warning
    @(490.22 mm, 45.00 mm): Vertical Wire, length 20.00 mm
[endpoint_off_grid]: Symbol pin or wire end off connection grid
    ; warning
    @(490.22 mm, 65.00 mm): Horizontal Wire, length 9.59 mm
[endpoint_off_grid]: Symbol pin or wire end off connection grid
    ; warning
    @(490.22 mm, 140.00 mm): Vertical Wire, length 20.00 mm
[endpoint_off_grid]: Symbol pin or wire end off connection grid
    ; warning
    @(490.22 mm, 160.00 mm): Horizontal Wire, length 9.59 mm
[endpoint_off_grid]: Symbol pin or wire end off connection grid
    ; warning
    @(490.22 mm, 235.00 mm): Vertical Wire, length 20.00 mm
[endpoint_off_grid]: Symbol pin or wire end off connection grid
    ; warning
    @(490.22 mm, 255.00 mm): Horizontal Wire, length 9.59 mm
[endpoint_off_grid]: Symbol pin or wire end off connection grid
    ; warning
    @(493.81 mm, 45.00 mm): Horizontal Wire, length 6.00 mm
[endpoint_off_grid]: Symbol pin or wire end off connection grid
    ; warning
    @(493.81 mm, 65.00 mm): Horizontal Wire, length 6.00 mm
[endpoint_off_grid]: Symbol pin or wire end off connection grid
    ; warning
    @(493.81 mm, 140.00 mm): Horizontal Wire, length 6.00 mm
[endpoint_off_grid]: Symbol pin or wire end off connection grid
    ; warning
    @(493.81 mm, 160.00 mm): Horizontal Wire, length 6.00 mm
[endpoint_off_grid]: Symbol pin or wire end off connection grid
    ; warning
    @(493.81 mm, 235.00 mm): Horizontal Wire, length 6.00 mm
[endpoint_off_grid]: Symbol pin or wire end off connection grid
    ; warning
    @(493.81 mm, 255.00 mm): Horizontal Wire, length 6.00 mm
[endpoint_off_grid]: Symbol pin or wire end off connection grid
    ; warning
    @(499.81 mm, 65.00 mm): Horizontal Wire, length 5.19 mm
[endpoint_off_grid]: Symbol pin or wire end off connection grid
    ; warning
    @(499.81 mm, 160.00 mm): Horizontal Wire, length 5.19 mm
[endpoint_off_grid]: Symbol pin or wire end off connection grid
    ; warning
    @(499.81 mm, 255.00 mm): Horizontal Wire, length 5.19 mm
[endpoint_off_grid]: Symbol pin or wire end off connection grid
    ; warning
    @(531.19 mm, 105.00 mm): Horizontal Wire, length 6.00 mm
[endpoint_off_grid]: Symbol pin or wire end off connection grid
    ; warning
    @(531.19 mm, 105.00 mm): Symbol R49 Pin 1 [Passive, Line]
[endpoint_off_grid]: Symbol pin or wire end off connection grid
    ; warning
    @(538.81 mm, 105.00 mm): Horizontal Wire, length 6.00 mm
[endpoint_off_grid]: Symbol pin or wire end off connection grid
    ; warning
    @(546.19 mm, 55.00 mm): Symbol R48 Pin 1 [Passive, Line]
[endpoint_off_grid]: Symbol pin or wire end off connection grid
    ; warning
    @(546.19 mm, 55.00 mm): Horizontal Wire, length 6.00 mm
[endpoint_off_grid]: Symbol pin or wire end off connection grid
    ; warning
    @(546.19 mm, 150.00 mm): Symbol R43 Pin 1 [Passive, Line]
[endpoint_off_grid]: Symbol pin or wire end off connection grid
    ; warning
    @(546.19 mm, 150.00 mm): Horizontal Wire, length 6.00 mm
[endpoint_off_grid]: Symbol pin or wire end off connection grid
    ; warning
    @(546.19 mm, 245.00 mm): Horizontal Wire, length 6.00 mm
[endpoint_off_grid]: Symbol pin or wire end off connection grid
    ; warning
    @(546.19 mm, 245.00 mm): Symbol R38 Pin 1 [Passive, Line]
[endpoint_off_grid]: Symbol pin or wire end off connection grid
    ; warning
    @(553.81 mm, 55.00 mm): Horizontal Wire, length 6.00 mm
[endpoint_off_grid]: Symbol pin or wire end off connection grid
    ; warning
    @(553.81 mm, 150.00 mm): Horizontal Wire, length 6.00 mm
[endpoint_off_grid]: Symbol pin or wire end off connection grid
    ; warning
    @(553.81 mm, 245.00 mm): Horizontal Wire, length 6.00 mm

***** Sheet /Power/
[multiple_net_names]: Both  and GND are attached to the same items;  will be used in the netlist
    ; warning
    @(160.00 mm, 175.00 mm): Symbol #PWR1 Pin 1 [Power input, Line]
    @(40.00 mm, 105.00 mm): Hierarchical Label 'GND'

***** Sheet /Motor A/

***** Sheet /Motor B/

 ** ERC messages: 715  Errors 0  Warnings 715

 ** Ignored checks:
    - Global label only appears once in the schematic
    - Four connection points are joined together
    - SPICE model issue
    - Assigned footprint doesn't match footprint filters
